ARM Linker, 5.03 [Build 76] [MDK-ARM Lite]

==============================================================================

Section Cross References

    startup.o(STACK) refers (Special) to heapauxi.o(.text) for __use_two_region_memory
    startup.o(HEAP) refers (Special) to heapauxi.o(.text) for __use_two_region_memory
    startup.o(RESET) refers (Special) to heapauxi.o(.text) for __use_two_region_memory
    startup.o(RESET) refers to startup.o(STACK) for Stack_Top
    startup.o(RESET) refers to __main.o(!!!main) for __main
    startup.o(.text) refers (Special) to heapauxi.o(.text) for __use_two_region_memory
    startup.o(.text) refers to startup.o(HEAP) for Heap_Mem
    startup.o(.text) refers to startup.o(STACK) for Stack_Mem
    main.o(.text) refers to noretval__2printf.o(.text) for __2printf
    main.o(.text) refers to main.o(.bss) for asToken
    main.o(.text) refers to main.o(.data) for asKeywordList
    main.o(.text) refers to rt_memcpy_w.o(.text) for __aeabi_memcpy4
    __2printf.o(.text) refers to _printf_char_file.o(.text) for _printf_char_file
    __2printf.o(.text) refers to stdio_streams.o(.bss) for __stdout
    noretval__2printf.o(.text) refers to _printf_char_file.o(.text) for _printf_char_file
    noretval__2printf.o(.text) refers to stdio_streams.o(.bss) for __stdout
    __main.o(!!!main) refers to rtentry.o(.ARM.Collect$$rtentry$$00000000) for __rt_entry
    rtentry.o(.ARM.Collect$$rtentry$$00000000) refers (Special) to rtentry2.o(.ARM.Collect$$rtentry$$0000000A) for __rt_entry_li
    rtentry.o(.ARM.Collect$$rtentry$$00000000) refers (Special) to rtentry2.o(.ARM.Collect$$rtentry$$0000000D) for __rt_entry_main
    rtentry.o(.ARM.Collect$$rtentry$$00000000) refers (Special) to rtentry2.o(.ARM.Collect$$rtentry$$0000000C) for __rt_entry_postli_1
    rtentry.o(.ARM.Collect$$rtentry$$00000000) refers (Special) to rtentry2.o(.ARM.Collect$$rtentry$$00000009) for __rt_entry_postsh_1
    rtentry.o(.ARM.Collect$$rtentry$$00000000) refers (Special) to rtentry2.o(.ARM.Collect$$rtentry$$00000002) for __rt_entry_presh_1
    rtentry.o(.ARM.Collect$$rtentry$$00000000) refers (Special) to rtentry4.o(.ARM.Collect$$rtentry$$00000004) for __rt_entry_sh
    _printf_char_file.o(.text) refers to _printf_char_common.o(.text) for _printf_char_common
    _printf_char_file.o(.text) refers to ferror.o(.text) for ferror
    _printf_char_file.o(.text) refers to fputc.o(i.fputc) for fputc
    stdio_streams.o(.bss) refers (Special) to initio.o(.text) for _initio
    stdio_streams.o(.bss) refers (Special) to initio.o(.text) for _initio
    stdio_streams.o(.bss) refers (Special) to initio.o(.text) for _initio
    stdio_streams.o(.data) refers (Special) to initio.o(.text) for _initio
    stdio_streams.o(.data) refers (Special) to initio.o(.text) for _initio
    stdio_streams.o(.data) refers (Special) to initio.o(.text) for _initio
    rtentry2.o(.ARM.Collect$$rtentry$$00000008) refers to boardinit2.o(.text) for _platform_post_stackheap_init
    rtentry2.o(.ARM.Collect$$rtentry$$0000000A) refers to libinit.o(.ARM.Collect$$libinit$$00000000) for __rt_lib_init
    rtentry2.o(.ARM.Collect$$rtentry$$0000000B) refers to boardinit3.o(.text) for _platform_post_lib_init
    rtentry2.o(.ARM.Collect$$rtentry$$0000000D) refers to exit.o(.text) for exit
    rtentry2.o(.ARM.Collect$$rtentry$$0000000D) refers to main.o(.text) for main
    rtentry2.o(.ARM.exidx) refers to rtentry2.o(.ARM.Collect$$rtentry$$00000001) for .ARM.Collect$$rtentry$$00000001
    rtentry2.o(.ARM.exidx) refers to rtentry2.o(.ARM.Collect$$rtentry$$00000008) for .ARM.Collect$$rtentry$$00000008
    rtentry2.o(.ARM.exidx) refers to rtentry2.o(.ARM.Collect$$rtentry$$0000000A) for .ARM.Collect$$rtentry$$0000000A
    rtentry2.o(.ARM.exidx) refers to rtentry2.o(.ARM.Collect$$rtentry$$0000000B) for .ARM.Collect$$rtentry$$0000000B
    rtentry2.o(.ARM.exidx) refers to rtentry2.o(.ARM.Collect$$rtentry$$0000000D) for .ARM.Collect$$rtentry$$0000000D
    rtentry4.o(.ARM.Collect$$rtentry$$00000004) refers to sys_stackheap_outer.o(.text) for __user_setup_stackheap
    rtentry4.o(.ARM.exidx) refers to rtentry4.o(.ARM.Collect$$rtentry$$00000004) for .ARM.Collect$$rtentry$$00000004
    _printf_char_common.o(.text) refers to __printf_nopercent.o(.text) for __printf
    fputc.o(i.fputc) refers to flsbuf.o(.text) for __flsbuf_byte
    initio.o(.text) refers (Special) to libinit2.o(.ARM.Collect$$libinit$$00000022) for __rt_lib_init_stdio_2
    initio.o(.text) refers (Special) to libshutdown2.o(.ARM.Collect$$libshutdown$$00000002) for __rt_lib_shutdown_stdio_2
    initio.o(.text) refers to rt_memclr_w.o(.text) for __aeabi_memclr4
    initio.o(.text) refers to fopen.o(.text) for freopen
    initio.o(.text) refers to defsig_rtred_outer.o(.text) for __rt_SIGRTRED
    initio.o(.text) refers to setvbuf.o(.text) for setvbuf
    initio.o(.text) refers to fclose.o(.text) for _fclose_internal
    initio.o(.text) refers to h1_free.o(.text) for free
    initio.o(.text) refers to stdio_streams.o(.bss) for __stdin
    initio.o(.text) refers to stdio_streams.o(.bss) for __stdout
    initio.o(.text) refers to stdio_streams.o(.bss) for __stderr
    initio.o(.text) refers to stdio_streams.o(.data) for __aeabi_stdin
    initio.o(.text) refers to stdio_streams.o(.data) for __aeabi_stdout
    initio.o(.text) refers to stdio_streams.o(.data) for __aeabi_stderr
    initio.o(.text) refers to sys_io.o(.constdata) for __stdin_name
    initio.o(.text) refers to sys_io.o(.constdata) for __stdout_name
    initio.o(.text) refers to sys_io.o(.constdata) for __stderr_name
    initio_locked.o(.text) refers (Special) to libinit2.o(.ARM.Collect$$libinit$$00000022) for __rt_lib_init_stdio_2
    initio_locked.o(.text) refers (Special) to libshutdown2.o(.ARM.Collect$$libshutdown$$00000002) for __rt_lib_shutdown_stdio_2
    initio_locked.o(.text) refers to rt_memclr_w.o(.text) for __aeabi_memclr4
    initio_locked.o(.text) refers to mutex_dummy.o(.text) for _mutex_initialize
    initio_locked.o(.text) refers to fopen.o(.text) for freopen
    initio_locked.o(.text) refers to defsig_rtred_outer.o(.text) for __rt_SIGRTRED
    initio_locked.o(.text) refers to setvbuf.o(.text) for setvbuf
    initio_locked.o(.text) refers to fclose.o(.text) for _fclose_internal
    initio_locked.o(.text) refers to h1_free.o(.text) for free
    initio_locked.o(.text) refers to stdio_streams.o(.bss) for __stdin
    initio_locked.o(.text) refers to stdio_streams.o(.bss) for __stdout
    initio_locked.o(.text) refers to stdio_streams.o(.bss) for __stderr
    initio_locked.o(.text) refers to stdio_streams.o(.data) for __aeabi_stdin
    initio_locked.o(.text) refers to stdio_streams.o(.data) for __aeabi_stdout
    initio_locked.o(.text) refers to stdio_streams.o(.data) for __aeabi_stderr
    initio_locked.o(.text) refers to streamlock.o(.data) for _stream_list_lock
    initio_locked.o(.text) refers to sys_io.o(.constdata) for __stdin_name
    initio_locked.o(.text) refers to sys_io.o(.constdata) for __stdout_name
    initio_locked.o(.text) refers to sys_io.o(.constdata) for __stderr_name
    sys_io.o(.text) refers (Special) to use_no_semi.o(.text) for __I$use$semihosting
    sys_io.o(.text) refers (Special) to indicate_semi.o(.text) for __semihosting_library_function
    sys_io.o(.text) refers to strlen.o(.text) for strlen
    sys_io.o(.constdata) refers (Special) to use_no_semi.o(.text) for __I$use$semihosting
    sys_io.o(.constdata) refers (Special) to indicate_semi.o(.text) for __semihosting_library_function
    sys_io.o(.constdata) refers (Special) to use_no_semi.o(.text) for __I$use$semihosting
    sys_io.o(.constdata) refers (Special) to indicate_semi.o(.text) for __semihosting_library_function
    sys_io.o(.constdata) refers (Special) to use_no_semi.o(.text) for __I$use$semihosting
    sys_io.o(.constdata) refers (Special) to indicate_semi.o(.text) for __semihosting_library_function
    sys_stackheap_outer.o(.text) refers to libspace.o(.text) for __user_perproc_libspace
    sys_stackheap_outer.o(.text) refers to startup.o(.text) for __user_initial_stackheap
    free.o(.text) refers (Special) to hguard.o(.text) for __heap$guard
    free.o(.text) refers to rt_heap_descriptor_intlibspace.o(.text) for __rt_heap_descriptor
    h1_free.o(.text) refers to rt_heap_descriptor_intlibspace.o(.text) for __rt_heap_descriptor
    h1_free_mt.o(.text) refers to rt_heap_descriptor_intlibspace.o(.text) for __rt_heap_descriptor
    heap2.o(i._FDIterate) refers to heap2.o(i.__ARM_common_call_via_r6) for __ARM_common_call_via_r6
    heap2.o(i._FDIterate) refers to heap2.o(.constdata) for .constdata
    heap2.o(i.___Heap_ProvideMemory$realtime) refers to fdtree.o(i._FDTree_Delete) for _FDTree_Delete
    heap2.o(i.___Heap_ProvideMemory$realtime) refers to fdtree.o(i._FDTree_Insert) for _FDTree_Insert
    heap2.o(i.___Heap_Stats$realtime) refers to heap2.o(i._Heap2_StatsIterate) for _Heap2_StatsIterate
    heap2.o(i.___Heap_Stats$realtime) refers to aeabi_sdiv.o(.text_udiv) for __aeabi_uidivmod
    heap2.o(i.___Heap_Stats$realtime) refers to heap2.o(i.__ARM_common_call_via_r5) for __ARM_common_call_via_r5
    heap2.o(i.___Heap_Valid$realtime) refers to heap2.o(i.__ARM_common_call_via_r5) for __ARM_common_call_via_r5
    heap2.o(i.___Heap_Valid$realtime) refers to heap2.o(i._FDIterate) for _FDIterate
    heap2.o(i.___Heap_Valid$realtime) refers to heap2.o(.constdata) for .constdata
    heap2.o(i._free$realtime) refers to rt_heap_descriptor_intlibspace.o(.text) for __rt_heap_descriptor
    heap2.o(i._free$realtime) refers to fdtree.o(i._FDTree_Delete) for _FDTree_Delete
    heap2.o(i._free$realtime) refers to fdtree.o(i._FDTree_Insert) for _FDTree_Insert
    heap2.o(i._malloc$realtime) refers to rt_heap_descriptor_intlibspace.o(.text) for __rt_heap_descriptor
    heap2.o(i._malloc$realtime) refers to fdtree.o(i._FDTree_FindFirst) for _FDTree_FindFirst
    heap2.o(i._malloc$realtime) refers to init_alloc.o(.text) for __Heap_Full
    heap2.o(i._malloc$realtime) refers to fdtree.o(i._FDTree_RemoveNode) for _FDTree_RemoveNode
    heap2.o(i._malloc$realtime) refers to fdtree.o(i._FDTree_Insert) for _FDTree_Insert
    heap2.o(i._posix_memalign$realtime) refers to rt_heap_descriptor_intlibspace.o(.text) for __rt_heap_descriptor
    heap2.o(i._posix_memalign$realtime) refers to fdtree.o(i._FDTree_FindFirst) for _FDTree_FindFirst
    heap2.o(i._posix_memalign$realtime) refers to init_alloc.o(.text) for __Heap_Full
    heap2.o(i._posix_memalign$realtime) refers to fdtree.o(i._FDTree_RemoveNode) for _FDTree_RemoveNode
    heap2.o(i._posix_memalign$realtime) refers to fdtree.o(i._FDTree_Insert) for _FDTree_Insert
    heap2.o(i._realloc$realtime) refers to rt_heap_descriptor_intlibspace.o(.text) for __rt_heap_descriptor
    heap2.o(i._realloc$realtime) refers to h1_free.o(.text) for free
    heap2.o(i._realloc$realtime) refers to h1_alloc.o(.text) for malloc
    heap2.o(i._realloc$realtime) refers to fdtree.o(i._FDTree_Delete) for _FDTree_Delete
    heap2.o(i._realloc$realtime) refers to fdtree.o(i._FDTree_Insert) for _FDTree_Insert
    heap2.o(i._realloc$realtime) refers to rt_memcpy_w.o(.text) for __aeabi_memcpy4
    heap2mt.o(i._FDIterate) refers to heap2.o(i.__ARM_common_call_via_r6) for __ARM_common_call_via_r6
    heap2mt.o(i._FDIterate) refers to heap2mt.o(.constdata) for .constdata
    heap2mt.o(i.___Heap_Initialize$realtime$concurrent) refers to mutex_dummy.o(.text) for _mutex_initialize
    heap2mt.o(i.___Heap_ProvideMemory$realtime$concurrent) refers to fdtree.o(i._FDTree_Delete) for _FDTree_Delete
    heap2mt.o(i.___Heap_ProvideMemory$realtime$concurrent) refers to fdtree.o(i._FDTree_Insert) for _FDTree_Insert
    heap2mt.o(i.___Heap_Stats$realtime$concurrent) refers to heap2mt.o(i._Heap2_StatsIterate) for _Heap2_StatsIterate
    heap2mt.o(i.___Heap_Stats$realtime$concurrent) refers to aeabi_sdiv.o(.text_udiv) for __aeabi_uidivmod
    heap2mt.o(i.___Heap_Stats$realtime$concurrent) refers to heap2.o(i.__ARM_common_call_via_r5) for __ARM_common_call_via_r5
    heap2mt.o(i.___Heap_Valid$realtime$concurrent) refers to heap2.o(i.__ARM_common_call_via_r5) for __ARM_common_call_via_r5
    heap2mt.o(i.___Heap_Valid$realtime$concurrent) refers to heap2mt.o(i._FDIterate) for _FDIterate
    heap2mt.o(i.___Heap_Valid$realtime$concurrent) refers to heap2mt.o(.constdata) for .constdata
    heap2mt.o(i._free$realtime$concurrent) refers to rt_heap_descriptor_intlibspace.o(.text) for __rt_heap_descriptor
    heap2mt.o(i._free$realtime$concurrent) refers to fdtree.o(i._FDTree_Delete) for _FDTree_Delete
    heap2mt.o(i._free$realtime$concurrent) refers to fdtree.o(i._FDTree_Insert) for _FDTree_Insert
    heap2mt.o(i._malloc$realtime$concurrent) refers to rt_heap_descriptor_intlibspace.o(.text) for __rt_heap_descriptor
    heap2mt.o(i._malloc$realtime$concurrent) refers to fdtree.o(i._FDTree_FindFirst) for _FDTree_FindFirst
    heap2mt.o(i._malloc$realtime$concurrent) refers to init_alloc.o(.text) for __Heap_Full
    heap2mt.o(i._malloc$realtime$concurrent) refers to fdtree.o(i._FDTree_RemoveNode) for _FDTree_RemoveNode
    heap2mt.o(i._malloc$realtime$concurrent) refers to fdtree.o(i._FDTree_Insert) for _FDTree_Insert
    heap2mt.o(i._posix_memalign$realtime$concurrent) refers to rt_heap_descriptor_intlibspace.o(.text) for __rt_heap_descriptor
    heap2mt.o(i._posix_memalign$realtime$concurrent) refers to fdtree.o(i._FDTree_FindFirst) for _FDTree_FindFirst
    heap2mt.o(i._posix_memalign$realtime$concurrent) refers to init_alloc.o(.text) for __Heap_Full
    heap2mt.o(i._posix_memalign$realtime$concurrent) refers to fdtree.o(i._FDTree_RemoveNode) for _FDTree_RemoveNode
    heap2mt.o(i._posix_memalign$realtime$concurrent) refers to fdtree.o(i._FDTree_Insert) for _FDTree_Insert
    heap2mt.o(i._realloc$realtime$concurrent) refers to rt_heap_descriptor_intlibspace.o(.text) for __rt_heap_descriptor
    heap2mt.o(i._realloc$realtime$concurrent) refers to h1_free.o(.text) for free
    heap2mt.o(i._realloc$realtime$concurrent) refers to h1_alloc.o(.text) for malloc
    heap2mt.o(i._realloc$realtime$concurrent) refers to fdtree.o(i._FDTree_Delete) for _FDTree_Delete
    heap2mt.o(i._realloc$realtime$concurrent) refers to fdtree.o(i._FDTree_Insert) for _FDTree_Insert
    heap2mt.o(i._realloc$realtime$concurrent) refers to rt_memcpy_w.o(.text) for __aeabi_memcpy4
    __printf_nopercent.o(.text) refers to __printf_nopercent.o(i.__ARM_common_call_via_r7) for __ARM_common_call_via_r7
    __printf_nopercent.o(.text) refers to heap2.o(i.__ARM_common_call_via_r5) for __ARM_common_call_via_r5
    flsbuf.o(.text) refers to stdio.o(.text) for _deferredlazyseek
    flsbuf.o(.text) refers to sys_io.o(.text) for _sys_flen
    flsbuf.o(.text) refers to h1_alloc.o(.text) for malloc
    streamlock.o(.data) refers (Special) to initio.o(.text) for _initio
    fopen.o(.text) refers to fclose.o(.text) for _fclose_internal
    fopen.o(.text) refers to sys_io.o(.text) for _sys_open
    fopen.o(.text) refers to fseek.o(.text) for _fseek
    fopen.o(.text) refers to h1_alloc.o(.text) for malloc
    fopen.o(.text) refers to rt_memclr_w.o(.text) for __aeabi_memclr4
    fopen.o(.text) refers to stdio_streams.o(.bss) for __stdin
    fclose.o(.text) refers to stdio.o(.text) for _fflush
    fclose.o(.text) refers to sys_io.o(.text) for _sys_close
    fclose.o(.text) refers to h1_free.o(.text) for free
    fclose.o(.text) refers to rt_memclr_w.o(.text) for __aeabi_memclr4
    fopen_locked.o(.text) refers to fclose.o(.text) for _fclose_internal
    fopen_locked.o(.text) refers to sys_io.o(.text) for _sys_open
    fopen_locked.o(.text) refers to fseek.o(.text) for _fseek
    fopen_locked.o(.text) refers to h1_alloc.o(.text) for malloc
    fopen_locked.o(.text) refers to rt_memclr_w.o(.text) for __aeabi_memclr4
    fopen_locked.o(.text) refers to mutex_dummy.o(.text) for _mutex_initialize
    fopen_locked.o(.text) refers to streamlock.o(.data) for _stream_list_lock
    fopen_locked.o(.text) refers to stdio_streams.o(.bss) for __stdin
    exit.o(.text) refers to rtexit.o(.ARM.Collect$$rtexit$$00000000) for __rt_exit
    defsig_rtred_outer.o(.text) refers to defsig_rtred_inner.o(.text) for __rt_SIGRTRED_inner
    defsig_rtred_outer.o(.text) refers to defsig_exit.o(.text) for __sig_exit
    defsig_rtred_formal.o(.text) refers to rt_raise.o(.text) for __rt_raise
    libinit.o(.ARM.Collect$$libinit$$00000000) refers (Special) to libinit2.o(.ARM.Collect$$libinit$$0000002C) for __rt_lib_init_alloca_1
    libinit.o(.ARM.Collect$$libinit$$00000000) refers (Special) to libinit2.o(.ARM.Collect$$libinit$$0000002A) for __rt_lib_init_argv_1
    libinit.o(.ARM.Collect$$libinit$$00000000) refers (Special) to libinit2.o(.ARM.Collect$$libinit$$00000019) for __rt_lib_init_atexit_1
    libinit.o(.ARM.Collect$$libinit$$00000000) refers (Special) to libinit2.o(.ARM.Collect$$libinit$$0000001F) for __rt_lib_init_clock_1
    libinit.o(.ARM.Collect$$libinit$$00000000) refers (Special) to libinit2.o(.ARM.Collect$$libinit$$00000030) for __rt_lib_init_cpp_1
    libinit.o(.ARM.Collect$$libinit$$00000000) refers (Special) to libinit2.o(.ARM.Collect$$libinit$$0000002E) for __rt_lib_init_exceptions_1
    libinit.o(.ARM.Collect$$libinit$$00000000) refers (Special) to libinit2.o(.ARM.Collect$$libinit$$00000002) for __rt_lib_init_fp_1
    libinit.o(.ARM.Collect$$libinit$$00000000) refers (Special) to libinit2.o(.ARM.Collect$$libinit$$0000001D) for __rt_lib_init_fp_trap_1
    libinit.o(.ARM.Collect$$libinit$$00000000) refers (Special) to libinit2.o(.ARM.Collect$$libinit$$00000021) for __rt_lib_init_getenv_1
    libinit.o(.ARM.Collect$$libinit$$00000000) refers (Special) to libinit2.o(.ARM.Collect$$libinit$$00000008) for __rt_lib_init_heap_1
    libinit.o(.ARM.Collect$$libinit$$00000000) refers (Special) to libinit2.o(.ARM.Collect$$libinit$$0000000F) for __rt_lib_init_lc_collate_1
    libinit.o(.ARM.Collect$$libinit$$00000000) refers (Special) to libinit2.o(.ARM.Collect$$libinit$$00000011) for __rt_lib_init_lc_ctype_1
    libinit.o(.ARM.Collect$$libinit$$00000000) refers (Special) to libinit2.o(.ARM.Collect$$libinit$$00000013) for __rt_lib_init_lc_monetary_1
    libinit.o(.ARM.Collect$$libinit$$00000000) refers (Special) to libinit2.o(.ARM.Collect$$libinit$$00000015) for __rt_lib_init_lc_numeric_1
    libinit.o(.ARM.Collect$$libinit$$00000000) refers (Special) to libinit2.o(.ARM.Collect$$libinit$$00000017) for __rt_lib_init_lc_time_1
    libinit.o(.ARM.Collect$$libinit$$00000000) refers (Special) to libinit2.o(.ARM.Collect$$libinit$$0000000C) for __rt_lib_init_rand_1
    libinit.o(.ARM.Collect$$libinit$$00000000) refers (Special) to libinit2.o(.ARM.Collect$$libinit$$00000031) for __rt_lib_init_return
    libinit.o(.ARM.Collect$$libinit$$00000000) refers (Special) to libinit2.o(.ARM.Collect$$libinit$$0000001B) for __rt_lib_init_signal_1
    libinit.o(.ARM.Collect$$libinit$$00000000) refers (Special) to libinit2.o(.ARM.Collect$$libinit$$00000023) for __rt_lib_init_stdio_1
    libinit.o(.ARM.Collect$$libinit$$00000000) refers (Special) to libinit2.o(.ARM.Collect$$libinit$$0000000A) for __rt_lib_init_user_alloc_1
    libinit2.o(.ARM.Collect$$libinit$$00000001) refers to fpinit.o(x$fpl$fpinit) for _fp_init
    libinit2.o(.ARM.Collect$$libinit$$00000003) refers (Weak) to init_alloc.o(.text) for _init_alloc
    libinit2.o(.ARM.Collect$$libinit$$0000000E) refers to libinit2.o(.ARM.Collect$$libinit$$0000000D) for .ARM.Collect$$libinit$$0000000D
    libinit2.o(.ARM.Collect$$libinit$$00000010) refers to libinit2.o(.ARM.Collect$$libinit$$0000000D) for .ARM.Collect$$libinit$$0000000D
    libinit2.o(.ARM.Collect$$libinit$$00000012) refers to libinit2.o(.ARM.Collect$$libinit$$0000000D) for .ARM.Collect$$libinit$$0000000D
    libinit2.o(.ARM.Collect$$libinit$$00000014) refers to libinit2.o(.ARM.Collect$$libinit$$0000000D) for .ARM.Collect$$libinit$$0000000D
    libinit2.o(.ARM.Collect$$libinit$$00000016) refers to libinit2.o(.ARM.Collect$$libinit$$0000000D) for .ARM.Collect$$libinit$$0000000D
    libinit2.o(.ARM.Collect$$libinit$$00000022) refers (Weak) to initio.o(.text) for _initio
    libinit2.o(.ARM.Collect$$libinit$$00000024) refers to argv_veneer.o(.emb_text) for __ARM_argv_veneer
    libinit2.o(.ARM.Collect$$libinit$$00000025) refers to argv_veneer.o(.emb_text) for __ARM_argv_veneer
    libshutdown2.o(.ARM.Collect$$libshutdown$$00000002) refers (Weak) to initio.o(.text) for _terminateio
    libshutdown2.o(.ARM.Collect$$libshutdown$$0000000C) refers (Weak) to term_alloc.o(.text) for _terminate_alloc
    flsbuf_fwide.o(.text) refers to flsbuf.o(.text) for __flsbuf
    libspace.o(.text) refers to libspace.o(.bss) for __libspace_start
    rtexit.o(.ARM.Collect$$rtexit$$00000000) refers (Special) to rtexit2.o(.ARM.Collect$$rtexit$$00000004) for __rt_exit_exit
    rtexit.o(.ARM.Collect$$rtexit$$00000000) refers (Special) to rtexit2.o(.ARM.Collect$$rtexit$$00000003) for __rt_exit_ls
    rtexit.o(.ARM.Collect$$rtexit$$00000000) refers (Special) to rtexit2.o(.ARM.Collect$$rtexit$$00000002) for __rt_exit_prels_1
    rtexit.o(.ARM.exidx) refers (Special) to rtexit2.o(.ARM.Collect$$rtexit$$00000004) for __rt_exit_exit
    rtexit.o(.ARM.exidx) refers (Special) to rtexit2.o(.ARM.Collect$$rtexit$$00000003) for __rt_exit_ls
    rtexit.o(.ARM.exidx) refers (Special) to rtexit2.o(.ARM.Collect$$rtexit$$00000002) for __rt_exit_prels_1
    rtexit.o(.ARM.exidx) refers to rtexit.o(.ARM.Collect$$rtexit$$00000000) for .ARM.Collect$$rtexit$$00000000
    rt_raise.o(.text) refers to __raise.o(.text) for __raise
    rt_raise.o(.text) refers to sys_exit.o(.text) for _sys_exit
    rt_heap_descriptor.o(.text) refers to rt_heap_descriptor.o(.bss) for __rt_heap_descriptor_data
    rt_heap_descriptor_intlibspace.o(.text) refers to libspace.o(.bss) for __libspace_start
    init_alloc.o(.text) refers (Special) to hguard.o(.text) for __heap$guard
    init_alloc.o(.text) refers (Special) to libinit2.o(.ARM.Collect$$libinit$$00000003) for __rt_lib_init_heap_2
    init_alloc.o(.text) refers (Special) to maybetermalloc1.o(.emb_text) for _maybe_terminate_alloc
    init_alloc.o(.text) refers to h1_extend.o(.text) for __Heap_ProvideMemory
    init_alloc.o(.text) refers to defsig_rtmem_outer.o(.text) for __rt_SIGRTMEM
    init_alloc.o(.text) refers to rt_heap_descriptor_intlibspace.o(.text) for __rt_heap_descriptor
    init_alloc.o(.text) refers to h1_init.o(.text) for __Heap_Initialize
    malloc.o(.text) refers (Special) to hguard.o(.text) for __heap$guard
    malloc.o(.text) refers (Special) to init_alloc.o(.text) for _init_alloc
    malloc.o(.text) refers to rt_heap_descriptor_intlibspace.o(.text) for __rt_heap_descriptor
    h1_alloc.o(.text) refers (Special) to h1_init.o(.text) for __Heap_Initialize
    h1_alloc.o(.text) refers to rt_heap_descriptor_intlibspace.o(.text) for __rt_heap_descriptor
    h1_alloc.o(.text) refers to init_alloc.o(.text) for __Heap_Full
    h1_alloc_mt.o(.text) refers (Special) to h1_init.o(.text) for __Heap_Initialize
    h1_alloc_mt.o(.text) refers to init_alloc.o(.text) for __Heap_Full
    h1_alloc_mt.o(.text) refers to rt_heap_descriptor_intlibspace.o(.text) for __rt_heap_descriptor
    _printf_char_file_locked.o(.text) refers to _printf_char_common.o(.text) for _printf_char_common
    _printf_char_file_locked.o(.text) refers to fputc.o(i._fputc$unlocked) for _fputc$unlocked
    fseek.o(.text) refers to sys_io.o(.text) for _sys_istty
    fseek.o(.text) refers to ftell.o(.text) for _ftell_internal
    fseek.o(.text) refers to stdio.o(.text) for _seterr
    stdio.o(.text) refers to sys_io.o(.text) for _sys_seek
    fwritefast.o(.text) refers to stdio.o(.text) for _writebuf
    fwritefast.o(.text) refers to flsbuf.o(.text) for __flsbuf_byte
    fwritefast.o(.text) refers to rt_memcpy.o(.text) for __aeabi_memcpy
    fwritefast_locked.o(.text) refers to stdio.o(.text) for _writebuf
    fwritefast_locked.o(.text) refers to flsbuf.o(.text) for __flsbuf_byte
    fwritefast_locked.o(.text) refers to rt_memcpy.o(.text) for __aeabi_memcpy
    defsig_exit.o(.text) refers to sys_exit.o(.text) for _sys_exit
    defsig_rtred_inner.o(.text) refers to defsig_general.o(.text) for __default_signal_display
    assert_stdio.o(.text) refers to fputs.o(.text) for fputs
    assert_stdio.o(.text) refers to fflush.o(.text) for fflush
    assert_stdio.o(.text) refers to stdio_streams.o(.bss) for __stderr
    aeabi_sdiv.o(.text_udiv) refers to aeabi_sdiv.o(.text) for __arm_div2
    aeabi_sdiv_div0.o(.text_udiv) refers to aeabi_sdiv_div0.o(.text) for __arm_div2
    argv_veneer.o(.emb_text) refers to no_argv.o(.text) for __ARM_get_argv
    sys_exit.o(.text) refers (Special) to use_no_semi.o(.text) for __I$use$semihosting
    sys_exit.o(.text) refers (Special) to indicate_semi.o(.text) for __semihosting_library_function
    rtexit2.o(.ARM.Collect$$rtexit$$00000003) refers to libshutdown.o(.ARM.Collect$$libshutdown$$00000000) for __rt_lib_shutdown
    rtexit2.o(.ARM.Collect$$rtexit$$00000004) refers to sys_exit.o(.text) for _sys_exit
    rtexit2.o(.ARM.exidx) refers to rtexit2.o(.ARM.Collect$$rtexit$$00000001) for .ARM.Collect$$rtexit$$00000001
    rtexit2.o(.ARM.exidx) refers to rtexit2.o(.ARM.Collect$$rtexit$$00000003) for .ARM.Collect$$rtexit$$00000003
    rtexit2.o(.ARM.exidx) refers to rtexit2.o(.ARM.Collect$$rtexit$$00000004) for .ARM.Collect$$rtexit$$00000004
    aeabi_idiv0_sigfpe.o(.text) refers to rt_div0.o(.text) for __rt_div0
    maybetermalloc2.o(.emb_text) refers (Special) to term_alloc.o(.text) for _terminate_alloc
    h1_extend.o(.text) refers to h1_free.o(.text) for free
    h1_init_mt.o(.text) refers to mutex_dummy.o(.text) for _mutex_initialize
    h1_extend_mt.o(.text) refers to h1_free_mt.o(.text) for _free_internal
    fflush.o(.text) refers to stdio.o(.text) for _fflush
    fflush.o(.text) refers to fseek.o(.text) for _fseek
    fflush.o(.text) refers to stdio_streams.o(.bss) for __stdin
    fputs.o(.text) refers to fputc.o(i.fputc) for fputc
    ftell.o(.text) refers to rt_errno_addr_intlibspace.o(.text) for __aeabi_errno_addr
    fflush_locked.o(.text) refers to stdio.o(.text) for _fflush
    fflush_locked.o(.text) refers to fseek.o(.text) for _fseek
    fflush_locked.o(.text) refers to fflush.o(.text) for _do_fflush
    fflush_locked.o(.text) refers to streamlock.o(.data) for _stream_list_lock
    fflush_locked.o(.text) refers to stdio_streams.o(.bss) for __stdin
    __raise.o(.text) refers to __raise.o(i.__ARM_common_call_via_r2) for __ARM_common_call_via_r2
    __raise.o(.text) refers to defsig.o(CL$$defsig) for __default_signal_handler
    defsig_general.o(.text) refers to sys_wrch.o(.text) for _ttywrch
    defsig_rtmem_outer.o(.text) refers to defsig_rtmem_inner.o(.text) for __rt_SIGRTMEM_inner
    defsig_rtmem_outer.o(.text) refers to defsig_exit.o(.text) for __sig_exit
    defsig_rtmem_formal.o(.text) refers to rt_raise.o(.text) for __rt_raise
    rt_memcpy.o(.text) refers to rt_memcpy_w.o(.text) for __aeabi_memcpy4
    heapauxa.o(.text) refers to heapauxa.o(.data) for .data
    _get_argv.o(.text) refers (Special) to hrguard.o(.text) for __heap_region$guard
    _get_argv.o(.text) refers to h1_alloc.o(.text) for malloc
    _get_argv.o(.text) refers to defsig_rtmem_outer.o(.text) for __rt_SIGRTMEM
    _get_argv.o(.text) refers to sys_command.o(.text) for _sys_command_string
    _get_argv_nomalloc.o(.text) refers (Special) to hrguard.o(.text) for __heap_region$guard
    _get_argv_nomalloc.o(.text) refers to defsig_rtmem_outer.o(.text) for __rt_SIGRTMEM
    _get_argv_nomalloc.o(.text) refers to sys_command.o(.text) for _sys_command_string
    sys_wrch.o(.text) refers (Special) to use_no_semi.o(.text) for __I$use$semihosting
    sys_wrch.o(.text) refers (Special) to indicate_semi.o(.text) for __semihosting_library_function
    sys_command.o(.text) refers (Special) to use_no_semi.o(.text) for __I$use$semihosting
    sys_command.o(.text) refers (Special) to indicate_semi.o(.text) for __semihosting_library_function
    rt_div0.o(.text) refers to defsig_fpe_outer.o(.text) for __rt_SIGFPE
    rt_errno_addr.o(.text) refers to rt_errno_addr.o(.bss) for __aeabi_errno_addr_data
    rt_errno_addr_intlibspace.o(.text) refers to libspace.o(.bss) for __libspace_start
    term_alloc.o(.text) refers (Special) to libshutdown2.o(.ARM.Collect$$libshutdown$$0000000D) for __rt_lib_shutdown_heap_2
    term_alloc.o(.text) refers to rt_heap_descriptor_intlibspace.o(.text) for __rt_heap_descriptor
    defsig_rtmem_inner.o(.text) refers to defsig_general.o(.text) for __default_signal_display
    defsig.o(CL$$defsig) refers to defsig_fpe_inner.o(.text) for __rt_SIGFPE_inner
    defsig.o(CL$$defsig) refers to defsig_rtred_inner.o(.text) for __rt_SIGRTRED_inner
    defsig.o(CL$$defsig) refers to defsig_rtmem_inner.o(.text) for __rt_SIGRTMEM_inner
    libshutdown.o(.ARM.Collect$$libshutdown$$00000000) refers (Special) to libshutdown2.o(.ARM.Collect$$libshutdown$$00000006) for __rt_lib_shutdown_fp_trap_1
    libshutdown.o(.ARM.Collect$$libshutdown$$00000000) refers (Special) to libshutdown2.o(.ARM.Collect$$libshutdown$$0000000E) for __rt_lib_shutdown_heap_1
    libshutdown.o(.ARM.Collect$$libshutdown$$00000000) refers (Special) to libshutdown2.o(.ARM.Collect$$libshutdown$$0000000F) for __rt_lib_shutdown_return
    libshutdown.o(.ARM.Collect$$libshutdown$$00000000) refers (Special) to libshutdown2.o(.ARM.Collect$$libshutdown$$00000009) for __rt_lib_shutdown_signal_1
    libshutdown.o(.ARM.Collect$$libshutdown$$00000000) refers (Special) to libshutdown2.o(.ARM.Collect$$libshutdown$$00000003) for __rt_lib_shutdown_stdio_1
    libshutdown.o(.ARM.Collect$$libshutdown$$00000000) refers (Special) to libshutdown2.o(.ARM.Collect$$libshutdown$$0000000B) for __rt_lib_shutdown_user_alloc_1
    defsig_abrt_inner.o(.text) refers to defsig_general.o(.text) for __default_signal_display
    defsig_fpe_inner.o(.text) refers to defsig_general.o(.text) for __default_signal_display
    defsig_fpe_outer.o(.text) refers to defsig_fpe_inner.o(.text) for __rt_SIGFPE_inner
    defsig_fpe_outer.o(.text) refers to defsig_exit.o(.text) for __sig_exit
    defsig_fpe_formal.o(.text) refers to rt_raise.o(.text) for __rt_raise
    defsig_stak_inner.o(.text) refers to defsig_general.o(.text) for __default_signal_display
    defsig_pvfn_inner.o(.text) refers to defsig_general.o(.text) for __default_signal_display
    defsig_cppl_inner.o(.text) refers to defsig_general.o(.text) for __default_signal_display
    defsig_segv_inner.o(.text) refers to defsig_general.o(.text) for __default_signal_display
    defsig_other.o(.text) refers to defsig_general.o(.text) for __default_signal_display


==============================================================================

Adding Veneers to the image

    Adding AT veneer (8 bytes, Inline) for call to '__rt_lib_init' from rtentry2.o(.ARM.Collect$$rtentry$$0000000A).
    Adding AT veneer (8 bytes, Inline) for call to '__rt_lib_shutdown' from rtexit2.o(.ARM.Collect$$rtexit$$00000003).
    Adding TA veneer (4 bytes, Inline) for call to '__rt_exit' from exit.o(.text).
    Adding AT veneer (8 bytes, Inline) for call to '__2printf' from main.o(.text).
    Adding TA veneer (4 bytes, Inline) for call to '__aeabi_memclr4' from initio.o(.text).
    Adding TA veneer (4 bytes, Inline) for call to '__rt_heap_descriptor' from h1_free.o(.text).
    Adding AT veneer (8 bytes, Inline) for call to '_sys_exit' from rtexit2.o(.ARM.Collect$$rtexit$$00000004).
    Adding TA veneer (4 bytes, Inline) for call to '__aeabi_errno_addr' from ftell.o(.text).

8 Veneer(s) (total 48 bytes) added to the image.

==============================================================================

Image Symbol Table

    Local Symbols

    Symbol Name                              Value     Ov Type        Size  Object(Section)

    RESET                                    0x00000000   Section      272  startup.o(RESET)
    ../clib/angel/boardlib.s                 0x00000000   Number         0  boardshut.o ABSOLUTE
    ../clib/angel/boardlib.s                 0x00000000   Number         0  boardinit1.o ABSOLUTE
    ../clib/angel/boardlib.s                 0x00000000   Number         0  boardinit2.o ABSOLUTE
    ../clib/angel/boardlib.s                 0x00000000   Number         0  boardinit3.o ABSOLUTE
    ../clib/angel/handlers.s                 0x00000000   Number         0  __scatter_zi.o ABSOLUTE
    ../clib/angel/handlers.s                 0x00000000   Number         0  __scatter_copy.o ABSOLUTE
    ../clib/angel/kernel.s                   0x00000000   Number         0  rtentry4.o ABSOLUTE
    ../clib/angel/kernel.s                   0x00000000   Number         0  rtentry.o ABSOLUTE
    ../clib/angel/kernel.s                   0x00000000   Number         0  rtexit.o ABSOLUTE
    ../clib/angel/kernel.s                   0x00000000   Number         0  rtentry2.o ABSOLUTE
    ../clib/angel/kernel.s                   0x00000000   Number         0  rtexit2.o ABSOLUTE
    ../clib/angel/rt.s                       0x00000000   Number         0  rt_div0.o ABSOLUTE
    ../clib/angel/rt.s                       0x00000000   Number         0  rt_heap_descriptor.o ABSOLUTE
    ../clib/angel/rt.s                       0x00000000   Number         0  rt_heap_descriptor_intlibspace.o ABSOLUTE
    ../clib/angel/rt.s                       0x00000000   Number         0  aeabi_idiv0_sigfpe.o ABSOLUTE
    ../clib/angel/rt.s                       0x00000000   Number         0  aeabi_idiv0.o ABSOLUTE
    ../clib/angel/rt.s                       0x00000000   Number         0  rt_errno_addr_intlibspace.o ABSOLUTE
    ../clib/angel/rt.s                       0x00000000   Number         0  rt_errno_addr.o ABSOLUTE
    ../clib/angel/rt.s                       0x00000000   Number         0  rt_raise.o ABSOLUTE
    ../clib/angel/scatter.s                  0x00000000   Number         0  __scatter.o ABSOLUTE
    ../clib/angel/startup.s                  0x00000000   Number         0  __main.o ABSOLUTE
    ../clib/angel/sys.s                      0x00000000   Number         0  sys_stackheap_outer.o ABSOLUTE
    ../clib/angel/sys.s                      0x00000000   Number         0  indicate_semi.o ABSOLUTE
    ../clib/angel/sys.s                      0x00000000   Number         0  use_no_semi.o ABSOLUTE
    ../clib/angel/sys.s                      0x00000000   Number         0  libspace.o ABSOLUTE
    ../clib/angel/sys.s                      0x00000000   Number         0  mutex_dummy.o ABSOLUTE
    ../clib/angel/sysapp.c                   0x00000000   Number         0  sys_exit.o ABSOLUTE
    ../clib/angel/sysapp.c                   0x00000000   Number         0  sys_wrch.o ABSOLUTE
    ../clib/angel/sysapp.c                   0x00000000   Number         0  sys_command.o ABSOLUTE
    ../clib/angel/sysapp.c                   0x00000000   Number         0  sys_io.o ABSOLUTE
    ../clib/armsys.c                         0x00000000   Number         0  no_argv.o ABSOLUTE
    ../clib/armsys.c                         0x00000000   Number         0  _get_argv_nomalloc.o ABSOLUTE
    ../clib/armsys.c                         0x00000000   Number         0  _get_argv.o ABSOLUTE
    ../clib/armsys.c                         0x00000000   Number         0  argv_veneer.o ABSOLUTE
    ../clib/armsys.c                         0x00000000   Number         0  argv_veneer.o ABSOLUTE
    ../clib/assert.c                         0x00000000   Number         0  assert_stdio.o ABSOLUTE
    ../clib/division.s                       0x00000000   Number         0  aeabi_sdiv_div0.o ABSOLUTE
    ../clib/division.s                       0x00000000   Number         0  aeabi_sdiv.o ABSOLUTE
    ../clib/divrt.s                          0x00000000   Number         0  divrt_7tdmi_div0.o ABSOLUTE
    ../clib/divrt.s                          0x00000000   Number         0  divrt_7tdmi.o ABSOLUTE
    ../clib/heap1.c                          0x00000000   Number         0  h1_alloc.o ABSOLUTE
    ../clib/heap1.c                          0x00000000   Number         0  h1_alloc_mt.o ABSOLUTE
    ../clib/heap1.c                          0x00000000   Number         0  h1_final_mt.o ABSOLUTE
    ../clib/heap1.c                          0x00000000   Number         0  h1_free_mt.o ABSOLUTE
    ../clib/heap1.c                          0x00000000   Number         0  h1_free.o ABSOLUTE
    ../clib/heap1.c                          0x00000000   Number         0  h1_extend.o ABSOLUTE
    ../clib/heap1.c                          0x00000000   Number         0  h1_extend_mt.o ABSOLUTE
    ../clib/heap1.c                          0x00000000   Number         0  h1_init_mt.o ABSOLUTE
    ../clib/heap1.c                          0x00000000   Number         0  h1_final.o ABSOLUTE
    ../clib/heap1.c                          0x00000000   Number         0  h1_init.o ABSOLUTE
    ../clib/heap2.c                          0x00000000   Number         0  heap2mt.o ABSOLUTE
    ../clib/heap2.c                          0x00000000   Number         0  heap2.o ABSOLUTE
    ../clib/heap2.c                          0x00000000   Number         0  fdtree.o ABSOLUTE
    ../clib/heapalloc.c                      0x00000000   Number         0  free.o ABSOLUTE
    ../clib/heapalloc.c                      0x00000000   Number         0  hguard.o ABSOLUTE
    ../clib/heapalloc.c                      0x00000000   Number         0  maybetermalloc1.o ABSOLUTE
    ../clib/heapalloc.c                      0x00000000   Number         0  maybetermalloc2.o ABSOLUTE
    ../clib/heapalloc.c                      0x00000000   Number         0  malloc.o ABSOLUTE
    ../clib/heapalloc.c                      0x00000000   Number         0  init_alloc.o ABSOLUTE
    ../clib/heapalloc.c                      0x00000000   Number         0  maybetermalloc1.o ABSOLUTE
    ../clib/heapalloc.c                      0x00000000   Number         0  term_alloc.o ABSOLUTE
    ../clib/heapalloc.c                      0x00000000   Number         0  maybetermalloc2.o ABSOLUTE
    ../clib/heapalloc.c                      0x00000000   Number         0  heapstubs.o ABSOLUTE
    ../clib/heapalloc.c                      0x00000000   Number         0  hrguard.o ABSOLUTE
    ../clib/heapaux.c                        0x00000000   Number         0  heapauxi.o ABSOLUTE
    ../clib/heapaux.c                        0x00000000   Number         0  heapauxa.o ABSOLUTE
    ../clib/libinit.s                        0x00000000   Number         0  libshutdown.o ABSOLUTE
    ../clib/libinit.s                        0x00000000   Number         0  libinit2.o ABSOLUTE
    ../clib/libinit.s                        0x00000000   Number         0  libshutdown2.o ABSOLUTE
    ../clib/libinit.s                        0x00000000   Number         0  libinit.o ABSOLUTE
    ../clib/memcpset.s                       0x00000000   Number         0  rt_memcpy_w.o ABSOLUTE
    ../clib/memcpset.s                       0x00000000   Number         0  rt_memcpy.o ABSOLUTE
    ../clib/memcpset.s                       0x00000000   Number         0  rt_memclr_w.o ABSOLUTE
    ../clib/printf.c                         0x00000000   Number         0  _printf_char_common.o ABSOLUTE
    ../clib/printf.c                         0x00000000   Number         0  noretval__2printf.o ABSOLUTE
    ../clib/printf.c                         0x00000000   Number         0  __2printf.o ABSOLUTE
    ../clib/printf.c                         0x00000000   Number         0  _printf_char_file_locked.o ABSOLUTE
    ../clib/printf.c                         0x00000000   Number         0  __printf_nopercent.o ABSOLUTE
    ../clib/printf.c                         0x00000000   Number         0  _printf_char_file.o ABSOLUTE
    ../clib/signal.c                         0x00000000   Number         0  defsig_rtmem_inner.o ABSOLUTE
    ../clib/signal.c                         0x00000000   Number         0  __raise.o ABSOLUTE
    ../clib/signal.c                         0x00000000   Number         0  defsig_rtmem_outer.o ABSOLUTE
    ../clib/signal.c                         0x00000000   Number         0  defsig_rtred_outer.o ABSOLUTE
    ../clib/signal.c                         0x00000000   Number         0  defsig_rtred_formal.o ABSOLUTE
    ../clib/signal.c                         0x00000000   Number         0  defsig_exit.o ABSOLUTE
    ../clib/signal.c                         0x00000000   Number         0  defsig_rtmem_formal.o ABSOLUTE
    ../clib/signal.c                         0x00000000   Number         0  defsig_rtred_inner.o ABSOLUTE
    ../clib/signal.c                         0x00000000   Number         0  defsig_abrt_inner.o ABSOLUTE
    ../clib/signal.c                         0x00000000   Number         0  defsig_fpe_inner.o ABSOLUTE
    ../clib/signal.c                         0x00000000   Number         0  defsig_fpe_outer.o ABSOLUTE
    ../clib/signal.c                         0x00000000   Number         0  defsig_fpe_formal.o ABSOLUTE
    ../clib/signal.c                         0x00000000   Number         0  defsig_general.o ABSOLUTE
    ../clib/signal.c                         0x00000000   Number         0  defsig_pvfn_inner.o ABSOLUTE
    ../clib/signal.c                         0x00000000   Number         0  defsig_cppl_inner.o ABSOLUTE
    ../clib/signal.c                         0x00000000   Number         0  defsig_segv_inner.o ABSOLUTE
    ../clib/signal.c                         0x00000000   Number         0  defsig_other.o ABSOLUTE
    ../clib/signal.c                         0x00000000   Number         0  defsig_stak_inner.o ABSOLUTE
    ../clib/signal.s                         0x00000000   Number         0  defsig.o ABSOLUTE
    ../clib/stdio.c                          0x00000000   Number         0  stdio_streams.o ABSOLUTE
    ../clib/stdio.c                          0x00000000   Number         0  fflush_locked.o ABSOLUTE
    ../clib/stdio.c                          0x00000000   Number         0  fputs_locked.o ABSOLUTE
    ../clib/stdio.c                          0x00000000   Number         0  ftell.o ABSOLUTE
    ../clib/stdio.c                          0x00000000   Number         0  fputs.o ABSOLUTE
    ../clib/stdio.c                          0x00000000   Number         0  fflush.o ABSOLUTE
    ../clib/stdio.c                          0x00000000   Number         0  ferror.o ABSOLUTE
    ../clib/stdio.c                          0x00000000   Number         0  initio.o ABSOLUTE
    ../clib/stdio.c                          0x00000000   Number         0  fwritefast.o ABSOLUTE
    ../clib/stdio.c                          0x00000000   Number         0  fputc_locked.o ABSOLUTE
    ../clib/stdio.c                          0x00000000   Number         0  ferror_locked.o ABSOLUTE
    ../clib/stdio.c                          0x00000000   Number         0  initio_locked.o ABSOLUTE
    ../clib/stdio.c                          0x00000000   Number         0  fputc.o ABSOLUTE
    ../clib/stdio.c                          0x00000000   Number         0  fwritefast_locked.o ABSOLUTE
    ../clib/stdio.c                          0x00000000   Number         0  flsbuf.o ABSOLUTE
    ../clib/stdio.c                          0x00000000   Number         0  stdio.o ABSOLUTE
    ../clib/stdio.c                          0x00000000   Number         0  fseek.o ABSOLUTE
    ../clib/stdio.c                          0x00000000   Number         0  setvbuf.o ABSOLUTE
    ../clib/stdio.c                          0x00000000   Number         0  streamlock.o ABSOLUTE
    ../clib/stdio.c                          0x00000000   Number         0  fopen.o ABSOLUTE
    ../clib/stdio.c                          0x00000000   Number         0  fclose.o ABSOLUTE
    ../clib/stdio.c                          0x00000000   Number         0  setvbuf_locked.o ABSOLUTE
    ../clib/stdio.c                          0x00000000   Number         0  fopen_locked.o ABSOLUTE
    ../clib/stdlib.c                         0x00000000   Number         0  exit.o ABSOLUTE
    ../clib/string.c                         0x00000000   Number         0  strlen.o ABSOLUTE
    ../clib/wchar.c                          0x00000000   Number         0  flsbuf_fwide.o ABSOLUTE
    ../fplib/fpinit.s                        0x00000000   Number         0  fpinit.o ABSOLUTE
    Startup.s                                0x00000000   Number         0  startup.o ABSOLUTE
    dc.s                                     0x00000000   Number         0  dc.o ABSOLUTE
    main.c                                   0x00000000   Number         0  main.o ABSOLUTE
    Undef_Handler                            0x00000040   ARM Code       4  startup.o(RESET)
    SWI_Handler                              0x00000044   ARM Code       4  startup.o(RESET)
    PAbt_Handler                             0x00000048   ARM Code       4  startup.o(RESET)
    DAbt_Handler                             0x0000004c   ARM Code       4  startup.o(RESET)
    IRQ_Handler                              0x00000050   ARM Code       4  startup.o(RESET)
    FIQ_Handler                              0x00000054   ARM Code       4  startup.o(RESET)
    !!!main                                  0x00000110   Section        8  __main.o(!!!main)
    !!!scatter                               0x00000118   Section       60  __scatter.o(!!!scatter)
    !!handler_copy                           0x00000154   Section       40  __scatter_copy.o(!!handler_copy)
    !!handler_zi                             0x0000017c   Section       44  __scatter_zi.o(!!handler_zi)
    .ARM.Collect$$libinit$$00000000          0x000001b0   Section        2  libinit.o(.ARM.Collect$$libinit$$00000000)
    .ARM.Collect$$libinit$$00000002          0x000001b2   Section        0  libinit2.o(.ARM.Collect$$libinit$$00000002)
    .ARM.Collect$$libinit$$00000003          0x000001b2   Section        8  libinit2.o(.ARM.Collect$$libinit$$00000003)
    .ARM.Collect$$libinit$$00000008          0x000001ba   Section        0  libinit2.o(.ARM.Collect$$libinit$$00000008)
    .ARM.Collect$$libinit$$0000000A          0x000001ba   Section        0  libinit2.o(.ARM.Collect$$libinit$$0000000A)
    .ARM.Collect$$libinit$$0000000C          0x000001ba   Section        0  libinit2.o(.ARM.Collect$$libinit$$0000000C)
    .ARM.Collect$$libinit$$0000000F          0x000001ba   Section        0  libinit2.o(.ARM.Collect$$libinit$$0000000F)
    .ARM.Collect$$libinit$$00000011          0x000001ba   Section        0  libinit2.o(.ARM.Collect$$libinit$$00000011)
    .ARM.Collect$$libinit$$00000013          0x000001ba   Section        0  libinit2.o(.ARM.Collect$$libinit$$00000013)
    .ARM.Collect$$libinit$$00000015          0x000001ba   Section        0  libinit2.o(.ARM.Collect$$libinit$$00000015)
    .ARM.Collect$$libinit$$00000017          0x000001ba   Section        0  libinit2.o(.ARM.Collect$$libinit$$00000017)
    .ARM.Collect$$libinit$$00000019          0x000001ba   Section        0  libinit2.o(.ARM.Collect$$libinit$$00000019)
    .ARM.Collect$$libinit$$0000001B          0x000001ba   Section        0  libinit2.o(.ARM.Collect$$libinit$$0000001B)
    .ARM.Collect$$libinit$$0000001D          0x000001ba   Section        0  libinit2.o(.ARM.Collect$$libinit$$0000001D)
    .ARM.Collect$$libinit$$0000001F          0x000001ba   Section        0  libinit2.o(.ARM.Collect$$libinit$$0000001F)
    .ARM.Collect$$libinit$$00000021          0x000001ba   Section        0  libinit2.o(.ARM.Collect$$libinit$$00000021)
    .ARM.Collect$$libinit$$00000022          0x000001ba   Section        4  libinit2.o(.ARM.Collect$$libinit$$00000022)
    .ARM.Collect$$libinit$$00000023          0x000001be   Section        0  libinit2.o(.ARM.Collect$$libinit$$00000023)
    .ARM.Collect$$libinit$$0000002A          0x000001be   Section        0  libinit2.o(.ARM.Collect$$libinit$$0000002A)
    .ARM.Collect$$libinit$$0000002C          0x000001be   Section        0  libinit2.o(.ARM.Collect$$libinit$$0000002C)
    .ARM.Collect$$libinit$$0000002E          0x000001be   Section        0  libinit2.o(.ARM.Collect$$libinit$$0000002E)
    .ARM.Collect$$libinit$$00000030          0x000001be   Section        0  libinit2.o(.ARM.Collect$$libinit$$00000030)
    .ARM.Collect$$libinit$$00000031          0x000001be   Section       12  libinit2.o(.ARM.Collect$$libinit$$00000031)
    .ARM.Collect$$libshutdown$$00000000      0x000001d4   Section        4  libshutdown.o(.ARM.Collect$$libshutdown$$00000000)
    .ARM.Collect$$libshutdown$$00000002      0x000001d8   Section        4  libshutdown2.o(.ARM.Collect$$libshutdown$$00000002)
    .ARM.Collect$$libshutdown$$00000003      0x000001dc   Section        0  libshutdown2.o(.ARM.Collect$$libshutdown$$00000003)
    .ARM.Collect$$libshutdown$$00000006      0x000001dc   Section        0  libshutdown2.o(.ARM.Collect$$libshutdown$$00000006)
    .ARM.Collect$$libshutdown$$00000009      0x000001dc   Section        0  libshutdown2.o(.ARM.Collect$$libshutdown$$00000009)
    .ARM.Collect$$libshutdown$$0000000B      0x000001dc   Section        0  libshutdown2.o(.ARM.Collect$$libshutdown$$0000000B)
    .ARM.Collect$$libshutdown$$0000000E      0x000001dc   Section        0  libshutdown2.o(.ARM.Collect$$libshutdown$$0000000E)
    .ARM.Collect$$libshutdown$$0000000F      0x000001dc   Section        6  libshutdown2.o(.ARM.Collect$$libshutdown$$0000000F)
    .ARM.Collect$$rtentry$$00000000          0x000001e4   Section        0  rtentry.o(.ARM.Collect$$rtentry$$00000000)
    .ARM.Collect$$rtentry$$00000002          0x000001e4   Section        0  rtentry2.o(.ARM.Collect$$rtentry$$00000002)
    .ARM.Collect$$rtentry$$00000004          0x000001e4   Section        8  rtentry4.o(.ARM.Collect$$rtentry$$00000004)
    .ARM.Collect$$rtentry$$00000009          0x000001ec   Section        0  rtentry2.o(.ARM.Collect$$rtentry$$00000009)
    .ARM.Collect$$rtentry$$0000000A          0x000001ec   Section        4  rtentry2.o(.ARM.Collect$$rtentry$$0000000A)
    .ARM.Collect$$rtentry$$0000000C          0x000001f0   Section        0  rtentry2.o(.ARM.Collect$$rtentry$$0000000C)
    .ARM.Collect$$rtentry$$0000000D          0x000001f0   Section       40  rtentry2.o(.ARM.Collect$$rtentry$$0000000D)
    .ARM.Collect$$rtexit$$00000000           0x0000021c   Section        4  rtexit.o(.ARM.Collect$$rtexit$$00000000)
    .ARM.Collect$$rtexit$$00000002           0x00000220   Section        0  rtexit2.o(.ARM.Collect$$rtexit$$00000002)
    .ARM.Collect$$rtexit$$00000003           0x00000220   Section        4  rtexit2.o(.ARM.Collect$$rtexit$$00000003)
    .ARM.Collect$$rtexit$$00000004           0x00000224   Section        8  rtexit2.o(.ARM.Collect$$rtexit$$00000004)
    .emb_text                                0x0000022c   Section        0  maybetermalloc1.o(.emb_text)
    .text                                    0x0000022c   Section       32  startup.o(.text)
    .text                                    0x0000024c   Section        0  main.o(.text)
    .text                                    0x000016d4   Section        0  noretval__2printf.o(.text)
    .text                                    0x000016f0   Section      100  rt_memcpy_w.o(.text)
    .text                                    0x00001754   Section        0  heapauxi.o(.text)
    .text                                    0x0000175c   Section        0  _printf_char_file.o(.text)
    .text                                    0x00001788   Section        0  _printf_char_common.o(.text)
    _printf_input_char                       0x00001789   Thumb Code    10  _printf_char_common.o(.text)
    .text                                    0x000017b8   Section        0  ferror.o(.text)
    .text                                    0x000017c0   Section        0  initio.o(.text)
    .text                                    0x00001904   Section        0  sys_io.o(.text)
    .text                                    0x00001978   Section       96  sys_stackheap_outer.o(.text)
    .text                                    0x000019d8   Section        0  h1_free.o(.text)
    .text                                    0x00001a2c   Section        0  __printf_nopercent.o(.text)
    .text                                    0x00001a58   Section        0  flsbuf.o(.text)
    .text                                    0x00001c4c   Section        0  setvbuf.o(.text)
    .text                                    0x00001c9c   Section        0  fopen.o(.text)
    _freopen_locked                          0x00001c9d   Thumb Code     0  fopen.o(.text)
    .text                                    0x00001d8c   Section        0  fclose.o(.text)
    .text                                    0x00001ddc   Section        0  exit.o(.text)
    .text                                    0x00001de8   Section        0  defsig_rtred_outer.o(.text)
    .text                                    0x00001dfc   Section       84  rt_memclr_w.o(.text)
    .text                                    0x00001e50   Section       12  libspace.o(.text)
    .text                                    0x00001e5c   Section        4  use_no_semi.o(.text)
    .text                                    0x00001e60   Section        0  indicate_semi.o(.text)
    .text                                    0x00001e64   Section       12  rt_heap_descriptor_intlibspace.o(.text)
    .text                                    0x00001e70   Section        0  hguard.o(.text)
    .text                                    0x00001e74   Section        0  init_alloc.o(.text)
    .text                                    0x00001f08   Section        0  h1_alloc.o(.text)
    .text                                    0x00001f78   Section        0  fseek.o(.text)
    .text                                    0x00002070   Section        0  stdio.o(.text)
    .text                                    0x0000216c   Section        0  defsig_exit.o(.text)
    .text                                    0x0000217c   Section        0  defsig_rtred_inner.o(.text)
    .text                                    0x000021b4   Section        0  strlen.o(.text)
    .text                                    0x00002200   Section        0  sys_exit.o(.text)
    .text                                    0x0000220c   Section        0  h1_init.o(.text)
    .text                                    0x0000221a   Section        0  h1_extend.o(.text)
    .text                                    0x00002252   Section        0  ftell.o(.text)
    .text                                    0x00002298   Section        0  defsig_general.o(.text)
    .text                                    0x000022d0   Section        0  defsig_rtmem_outer.o(.text)
    .text                                    0x000022e0   Section        0  sys_wrch.o(.text)
    .text                                    0x000022f4   Section       12  rt_errno_addr_intlibspace.o(.text)
    .text                                    0x00002300   Section        0  defsig_rtmem_inner.o(.text)
    i.__ARM_common_call_via_r5               0x00002354   Section        0  heap2.o(i.__ARM_common_call_via_r5)
    i.__ARM_common_call_via_r7               0x00002356   Section        0  __printf_nopercent.o(i.__ARM_common_call_via_r7)
    i.fputc                                  0x00002358   Section        0  fputc.o(i.fputc)
    .constdata                               0x0000237c   Section        4  sys_io.o(.constdata)
    .constdata                               0x00002380   Section        4  sys_io.o(.constdata)
    .constdata                               0x00002384   Section        4  sys_io.o(.constdata)
    .data                                    0x40000000   Section       36  main.o(.data)
    .data                                    0x40000024   Section        4  stdio_streams.o(.data)
    .data                                    0x40000028   Section        4  stdio_streams.o(.data)
    .data                                    0x4000002c   Section        4  stdio_streams.o(.data)
    .bss                                     0x40000030   Section       24  main.o(.bss)
    .bss                                     0x40000048   Section       84  stdio_streams.o(.bss)
    .bss                                     0x4000009c   Section       84  stdio_streams.o(.bss)
    .bss                                     0x400000f0   Section       84  stdio_streams.o(.bss)
    .bss                                     0x40000144   Section       96  libspace.o(.bss)
    HEAP                                     0x400001a8   Section        0  startup.o(HEAP)
    STACK                                    0x400001a8   Section     1160  startup.o(STACK)
    Heap_Mem                                 0x400001a8   Data           0  startup.o(HEAP)
    Stack_Mem                                0x400001a8   Data        1024  startup.o(STACK)
    Stack_Top                                0x40000630   Data           0  startup.o(STACK)

    Global Symbols

    Symbol Name                              Value     Ov Type        Size  Object(Section)

    BuildAttributes$$THM_ISAv1$ARM_ISAv4$S$PE$A:L22$X:L11$S22$IEEE1$IW$USESV6$~STKCKD$USESV7$~SHL$OTIME$ROPI$EBA8$UX$STANDARDLIB$REQ8$PRES8$EABIv2 0x00000000   Number         0  anon$$obj.o ABSOLUTE
    __ARM_use_no_argv                        0x00000000   Number         0  main.o ABSOLUTE
    __ARM_exceptions_init                     - Undefined Weak Reference
    __alloca_initialize                       - Undefined Weak Reference
    __cpp_initialize__aeabi_                  - Undefined Weak Reference
    __cxa_finalize                            - Undefined Weak Reference
    __rt_locale                               - Undefined Weak Reference
    __sigvec_lookup                           - Undefined Weak Reference
    __user_heap_extent                        - Undefined Weak Reference
    _atexit_init                              - Undefined Weak Reference
    _call_atexit_fns                          - Undefined Weak Reference
    _clock_init                               - Undefined Weak Reference
    _fp_trap_init                             - Undefined Weak Reference
    _fp_trap_shutdown                         - Undefined Weak Reference
    _get_lc_collate                           - Undefined Weak Reference
    _get_lc_ctype                             - Undefined Weak Reference
    _get_lc_monetary                          - Undefined Weak Reference
    _get_lc_numeric                           - Undefined Weak Reference
    _get_lc_time                              - Undefined Weak Reference
    _getenv_init                              - Undefined Weak Reference
    _handle_redirection                       - Undefined Weak Reference
    _mutex_acquire                            - Undefined Weak Reference
    _mutex_free                               - Undefined Weak Reference
    _mutex_release                            - Undefined Weak Reference
    _rand_init                                - Undefined Weak Reference
    _signal_finish                            - Undefined Weak Reference
    _signal_init                              - Undefined Weak Reference
    Reset_Handler                            0x00000058   ARM Code       0  startup.o(RESET)
    __main                                   0x00000110   ARM Code       8  __main.o(!!!main)
    __scatterload                            0x00000118   ARM Code       0  __scatter.o(!!!scatter)
    __scatterload_rt2                        0x00000118   ARM Code      52  __scatter.o(!!!scatter)
    __scatterload_null                       0x0000012c   ARM Code       0  __scatter.o(!!!scatter)
    __scatterload_copy                       0x00000154   ARM Code      40  __scatter_copy.o(!!handler_copy)
    __scatterload_zeroinit                   0x0000017c   ARM Code      44  __scatter_zi.o(!!handler_zi)
    Inline ARM to Thumb Veneer to __rt_lib_init 0x000001a8   ARM Code       8  libinit.o(.ARM.Collect$$libinit$$00000000)
    __rt_lib_init                            0x000001b1   Thumb Code     0  libinit.o(.ARM.Collect$$libinit$$00000000)
    __rt_lib_init_fp_1                       0x000001b3   Thumb Code     0  libinit2.o(.ARM.Collect$$libinit$$00000002)
    __rt_lib_init_heap_2                     0x000001b3   Thumb Code     0  libinit2.o(.ARM.Collect$$libinit$$00000003)
    __rt_lib_init_atexit_1                   0x000001bb   Thumb Code     0  libinit2.o(.ARM.Collect$$libinit$$00000019)
    __rt_lib_init_clock_1                    0x000001bb   Thumb Code     0  libinit2.o(.ARM.Collect$$libinit$$0000001F)
    __rt_lib_init_fp_trap_1                  0x000001bb   Thumb Code     0  libinit2.o(.ARM.Collect$$libinit$$0000001D)
    __rt_lib_init_getenv_1                   0x000001bb   Thumb Code     0  libinit2.o(.ARM.Collect$$libinit$$00000021)
    __rt_lib_init_heap_1                     0x000001bb   Thumb Code     0  libinit2.o(.ARM.Collect$$libinit$$00000008)
    __rt_lib_init_lc_collate_1               0x000001bb   Thumb Code     0  libinit2.o(.ARM.Collect$$libinit$$0000000F)
    __rt_lib_init_lc_ctype_1                 0x000001bb   Thumb Code     0  libinit2.o(.ARM.Collect$$libinit$$00000011)
    __rt_lib_init_lc_monetary_1              0x000001bb   Thumb Code     0  libinit2.o(.ARM.Collect$$libinit$$00000013)
    __rt_lib_init_lc_numeric_1               0x000001bb   Thumb Code     0  libinit2.o(.ARM.Collect$$libinit$$00000015)
    __rt_lib_init_lc_time_1                  0x000001bb   Thumb Code     0  libinit2.o(.ARM.Collect$$libinit$$00000017)
    __rt_lib_init_rand_1                     0x000001bb   Thumb Code     0  libinit2.o(.ARM.Collect$$libinit$$0000000C)
    __rt_lib_init_signal_1                   0x000001bb   Thumb Code     0  libinit2.o(.ARM.Collect$$libinit$$0000001B)
    __rt_lib_init_stdio_2                    0x000001bb   Thumb Code     0  libinit2.o(.ARM.Collect$$libinit$$00000022)
    __rt_lib_init_user_alloc_1               0x000001bb   Thumb Code     0  libinit2.o(.ARM.Collect$$libinit$$0000000A)
    __rt_lib_init_alloca_1                   0x000001bf   Thumb Code     0  libinit2.o(.ARM.Collect$$libinit$$0000002C)
    __rt_lib_init_argv_1                     0x000001bf   Thumb Code     0  libinit2.o(.ARM.Collect$$libinit$$0000002A)
    __rt_lib_init_cpp_1                      0x000001bf   Thumb Code     0  libinit2.o(.ARM.Collect$$libinit$$00000030)
    __rt_lib_init_exceptions_1               0x000001bf   Thumb Code     0  libinit2.o(.ARM.Collect$$libinit$$0000002E)
    __rt_lib_init_return                     0x000001bf   Thumb Code     0  libinit2.o(.ARM.Collect$$libinit$$00000031)
    __rt_lib_init_stdio_1                    0x000001bf   Thumb Code     0  libinit2.o(.ARM.Collect$$libinit$$00000023)
    Inline ARM to Thumb Veneer to __rt_lib_shutdown 0x000001cc   ARM Code       8  libshutdown.o(.ARM.Collect$$libshutdown$$00000000)
    __rt_lib_shutdown                        0x000001d5   Thumb Code     0  libshutdown.o(.ARM.Collect$$libshutdown$$00000000)
    __rt_lib_shutdown_stdio_2                0x000001d9   Thumb Code     0  libshutdown2.o(.ARM.Collect$$libshutdown$$00000002)
    __rt_lib_shutdown_fp_trap_1              0x000001dd   Thumb Code     0  libshutdown2.o(.ARM.Collect$$libshutdown$$00000006)
    __rt_lib_shutdown_heap_1                 0x000001dd   Thumb Code     0  libshutdown2.o(.ARM.Collect$$libshutdown$$0000000E)
    __rt_lib_shutdown_return                 0x000001dd   Thumb Code     0  libshutdown2.o(.ARM.Collect$$libshutdown$$0000000F)
    __rt_lib_shutdown_signal_1               0x000001dd   Thumb Code     0  libshutdown2.o(.ARM.Collect$$libshutdown$$00000009)
    __rt_lib_shutdown_stdio_1                0x000001dd   Thumb Code     0  libshutdown2.o(.ARM.Collect$$libshutdown$$00000003)
    __rt_lib_shutdown_user_alloc_1           0x000001dd   Thumb Code     0  libshutdown2.o(.ARM.Collect$$libshutdown$$0000000B)
    __rt_entry                               0x000001e4   ARM Code       0  rtentry.o(.ARM.Collect$$rtentry$$00000000)
    __rt_entry_presh_1                       0x000001e4   ARM Code       0  rtentry2.o(.ARM.Collect$$rtentry$$00000002)
    __rt_entry_sh                            0x000001e4   ARM Code       0  rtentry4.o(.ARM.Collect$$rtentry$$00000004)
    __rt_entry_li                            0x000001ec   ARM Code       0  rtentry2.o(.ARM.Collect$$rtentry$$0000000A)
    __rt_entry_postsh_1                      0x000001ec   ARM Code       0  rtentry2.o(.ARM.Collect$$rtentry$$00000009)
    __rt_entry_main                          0x000001f0   ARM Code       0  rtentry2.o(.ARM.Collect$$rtentry$$0000000D)
    __rt_entry_postli_1                      0x000001f0   ARM Code       0  rtentry2.o(.ARM.Collect$$rtentry$$0000000C)
    Inline Thumb to ARM Veneer to __rt_exit  0x00000219   Thumb Code     4  rtexit.o(.ARM.Collect$$rtexit$$00000000)
    __rt_exit                                0x0000021c   ARM Code       0  rtexit.o(.ARM.Collect$$rtexit$$00000000)
    __rt_exit_ls                             0x00000220   ARM Code       0  rtexit2.o(.ARM.Collect$$rtexit$$00000003)
    __rt_exit_prels_1                        0x00000220   ARM Code       0  rtexit2.o(.ARM.Collect$$rtexit$$00000002)
    __rt_exit_exit                           0x00000224   ARM Code       0  rtexit2.o(.ARM.Collect$$rtexit$$00000004)
    __user_initial_stackheap                 0x0000022c   ARM Code       0  startup.o(.text)
    _maybe_terminate_alloc                   0x0000022d   Thumb Code     0  maybetermalloc1.o(.emb_text)
    CopyString                               0x0000024c   ARM Code      44  main.o(.text)
    eCompareString                           0x00000278   ARM Code      80  main.o(.text)
    AppendString                             0x000002c8   ARM Code      60  main.o(.text)
    ReplaceCharactersInString                0x00000304   ARM Code      52  main.o(.text)
    UIntToHexStr                             0x00000338   ARM Code     112  main.o(.text)
    eHexStringToUInt                         0x000003a8   ARM Code     176  main.o(.text)
    AppendUIntToString                       0x00000458   ARM Code      60  main.o(.text)
    ucFindTokensInString                     0x00000494   ARM Code     184  main.o(.text)
    eStringToKeyword                         0x0000054c   ARM Code     104  main.o(.text)
    DecodeTokens                             0x000005b4   ARM Code     116  main.o(.text)
    DecodeMsg                                0x00000628   ARM Code      44  main.o(.text)
    TestOf_CopyString                        0x00000654   ARM Code     212  main.o(.text)
    TestOf_eCompareString                    0x00000728   ARM Code     244  main.o(.text)
    TestOf_AppendString                      0x0000081c   ARM Code     388  main.o(.text)
    TestOf_ReplaceCharactersInString         0x000009a0   ARM Code     200  main.o(.text)
    TestOf_UIntToHexStr                      0x00000a68   ARM Code     508  main.o(.text)
    TestOf_eHexStringToUInt                  0x00000c64   ARM Code     456  main.o(.text)
    TestOf_AppendUIntToString                0x00000e2c   ARM Code     260  main.o(.text)
    TestOf_ucFindTokensInString              0x00000f30   ARM Code     672  main.o(.text)
    TestOf_eStringToKeyword                  0x000011d0   ARM Code     404  main.o(.text)
    TestOf_DecodeTokens                      0x00001364   ARM Code     448  main.o(.text)
    TestOf_DecodeMsg                         0x00001524   ARM Code     164  main.o(.text)
    main                                     0x000015c8   ARM Code      84  main.o(.text)
    Inline ARM to Thumb Veneer to __2printf  0x000016cc   ARM Code       8  noretval__2printf.o(.text)
    __2printf                                0x000016d5   Thumb Code    22  noretval__2printf.o(.text)
    __aeabi_memcpy4                          0x000016f0   ARM Code       0  rt_memcpy_w.o(.text)
    __aeabi_memcpy8                          0x000016f0   ARM Code       0  rt_memcpy_w.o(.text)
    __rt_memcpy_w                            0x000016f0   ARM Code     100  rt_memcpy_w.o(.text)
    _memcpy_lastbytes_aligned                0x0000173c   ARM Code       0  rt_memcpy_w.o(.text)
    __use_two_region_memory                  0x00001755   Thumb Code     2  heapauxi.o(.text)
    __rt_heap_escrow                         0x00001757   Thumb Code     2  heapauxi.o(.text)
    __rt_heap_expand                         0x00001759   Thumb Code     2  heapauxi.o(.text)
    _printf_char_file                        0x0000175d   Thumb Code    38  _printf_char_file.o(.text)
    _printf_char_common                      0x00001793   Thumb Code    34  _printf_char_common.o(.text)
    ferror                                   0x000017b9   Thumb Code     8  ferror.o(.text)
    _initio                                  0x000017c1   Thumb Code   220  initio.o(.text)
    _terminateio                             0x0000189d   Thumb Code    60  initio.o(.text)
    _sys_open                                0x00001905   Thumb Code    24  sys_io.o(.text)
    _sys_close                               0x0000191d   Thumb Code    14  sys_io.o(.text)
    _sys_write                               0x0000192b   Thumb Code    20  sys_io.o(.text)
    _sys_read                                0x0000193f   Thumb Code    14  sys_io.o(.text)
    _sys_istty                               0x0000194d   Thumb Code    12  sys_io.o(.text)
    _sys_seek                                0x00001959   Thumb Code    18  sys_io.o(.text)
    _sys_ensure                              0x0000196b   Thumb Code     2  sys_io.o(.text)
    _sys_flen                                0x0000196d   Thumb Code    12  sys_io.o(.text)
    __user_setup_stackheap                   0x00001978   ARM Code      96  sys_stackheap_outer.o(.text)
    free                                     0x000019d9   Thumb Code    84  h1_free.o(.text)
    __printf                                 0x00001a2d   Thumb Code    42  __printf_nopercent.o(.text)
    __flsbuf                                 0x00001a59   Thumb Code   492  flsbuf.o(.text)
    __flsbuf_byte                            0x00001a59   Thumb Code     0  flsbuf.o(.text)
    __flsbuf_wide                            0x00001a59   Thumb Code     0  flsbuf.o(.text)
    setvbuf                                  0x00001c4d   Thumb Code    74  setvbuf.o(.text)
    freopen                                  0x00001c9d   Thumb Code   152  fopen.o(.text)
    fopen                                    0x00001d35   Thumb Code    80  fopen.o(.text)
    _fclose_internal                         0x00001d8d   Thumb Code    76  fclose.o(.text)
    fclose                                   0x00001d8d   Thumb Code     0  fclose.o(.text)
    exit                                     0x00001ddd   Thumb Code    12  exit.o(.text)
    __rt_SIGRTRED                            0x00001de9   Thumb Code    16  defsig_rtred_outer.o(.text)
    Inline Thumb to ARM Veneer to __aeabi_memclr4 0x00001df9   Thumb Code     4  rt_memclr_w.o(.text)
    __aeabi_memclr4                          0x00001dfc   ARM Code       0  rt_memclr_w.o(.text)
    __aeabi_memclr8                          0x00001dfc   ARM Code       0  rt_memclr_w.o(.text)
    __rt_memclr_w                            0x00001dfc   ARM Code      84  rt_memclr_w.o(.text)
    _memset_w                                0x00001e00   ARM Code       0  rt_memclr_w.o(.text)
    __user_libspace                          0x00001e50   ARM Code      12  libspace.o(.text)
    __user_perproc_libspace                  0x00001e50   ARM Code       0  libspace.o(.text)
    __user_perthread_libspace                0x00001e50   ARM Code       0  libspace.o(.text)
    __I$use$semihosting                      0x00001e5c   ARM Code       0  use_no_semi.o(.text)
    __use_no_semihosting_swi                 0x00001e5c   ARM Code       4  use_no_semi.o(.text)
    Inline Thumb to ARM Veneer to __rt_heap_descriptor 0x00001e61   Thumb Code     4  rt_heap_descriptor_intlibspace.o(.text)
    __semihosting_library_function           0x00001e60   ARM Code       0  indicate_semi.o(.text)
    __rt_heap_descriptor                     0x00001e64   ARM Code      12  rt_heap_descriptor_intlibspace.o(.text)
    __use_no_heap                            0x00001e71   Thumb Code     2  hguard.o(.text)
    __heap$guard                             0x00001e73   Thumb Code     2  hguard.o(.text)
    _terminate_user_alloc                    0x00001e75   Thumb Code     2  init_alloc.o(.text)
    _init_user_alloc                         0x00001e77   Thumb Code     2  init_alloc.o(.text)
    __Heap_Full                              0x00001e79   Thumb Code    36  init_alloc.o(.text)
    __Heap_Broken                            0x00001e9d   Thumb Code    14  init_alloc.o(.text)
    _init_alloc                              0x00001eab   Thumb Code    94  init_alloc.o(.text)
    malloc                                   0x00001f09   Thumb Code   110  h1_alloc.o(.text)
    _fseek                                   0x00001f79   Thumb Code   244  fseek.o(.text)
    fseek                                    0x00001f79   Thumb Code     0  fseek.o(.text)
    _seterr                                  0x00002071   Thumb Code    20  stdio.o(.text)
    _writebuf                                0x00002085   Thumb Code    80  stdio.o(.text)
    _fflush                                  0x000020d5   Thumb Code    80  stdio.o(.text)
    _deferredlazyseek                        0x00002125   Thumb Code    64  stdio.o(.text)
    __sig_exit                               0x0000216d   Thumb Code    16  defsig_exit.o(.text)
    __rt_SIGRTRED_inner                      0x0000217d   Thumb Code    18  defsig_rtred_inner.o(.text)
    strlen                                   0x000021b5   Thumb Code    64  strlen.o(.text)
    Inline ARM to Thumb Veneer to _sys_exit  0x000021f8   ARM Code       8  sys_exit.o(.text)
    _sys_exit                                0x00002201   Thumb Code     8  sys_exit.o(.text)
    __Heap_Initialize                        0x0000220d   Thumb Code    10  h1_init.o(.text)
    __Heap_DescSize                          0x00002217   Thumb Code     4  h1_init.o(.text)
    __Heap_ProvideMemory                     0x0000221b   Thumb Code    56  h1_extend.o(.text)
    _ftell_internal                          0x00002253   Thumb Code    70  ftell.o(.text)
    ftell                                    0x00002253   Thumb Code     0  ftell.o(.text)
    __default_signal_display                 0x00002299   Thumb Code    56  defsig_general.o(.text)
    __rt_SIGRTMEM                            0x000022d1   Thumb Code    16  defsig_rtmem_outer.o(.text)
    _ttywrch                                 0x000022e1   Thumb Code    16  sys_wrch.o(.text)
    Inline Thumb to ARM Veneer to __aeabi_errno_addr 0x000022f1   Thumb Code     4  rt_errno_addr_intlibspace.o(.text)
    __aeabi_errno_addr                       0x000022f4   ARM Code      12  rt_errno_addr_intlibspace.o(.text)
    __errno$intlibspace                      0x000022f4   ARM Code       0  rt_errno_addr_intlibspace.o(.text)
    __rt_errno_addr$intlibspace              0x000022f4   ARM Code       0  rt_errno_addr_intlibspace.o(.text)
    __rt_SIGRTMEM_inner                      0x00002301   Thumb Code    26  defsig_rtmem_inner.o(.text)
    __ARM_common_call_via_r5                 0x00002355   Thumb Code     2  heap2.o(i.__ARM_common_call_via_r5)
    __ARM_common_call_via_r7                 0x00002357   Thumb Code     2  __printf_nopercent.o(i.__ARM_common_call_via_r7)
    fputc                                    0x00002359   Thumb Code    36  fputc.o(i.fputc)
    __stdin_name                             0x0000237c   Data           4  sys_io.o(.constdata)
    __stdout_name                            0x00002380   Data           4  sys_io.o(.constdata)
    __stderr_name                            0x00002384   Data           4  sys_io.o(.constdata)
    Region$$Table$$Base                      0x00002388   Number         0  anon$$obj.o(Region$$Table)
    Region$$Table$$Limit                     0x000023a8   Number         0  anon$$obj.o(Region$$Table)
    asKeywordList                            0x40000000   Data          36  main.o(.data)
    __aeabi_stdin                            0x40000024   Data           4  stdio_streams.o(.data)
    __aeabi_stdout                           0x40000028   Data           4  stdio_streams.o(.data)
    __aeabi_stderr                           0x4000002c   Data           4  stdio_streams.o(.data)
    asToken                                  0x40000030   Data          24  main.o(.bss)
    __stdin                                  0x40000048   Data          84  stdio_streams.o(.bss)
    __stdout                                 0x4000009c   Data          84  stdio_streams.o(.bss)
    __stderr                                 0x400000f0   Data          84  stdio_streams.o(.bss)
    __libspace_start                         0x40000144   Data          96  libspace.o(.bss)
    __temporary_stack_top$libspace           0x400001a4   Data           0  libspace.o(.bss)



==============================================================================

Memory Map of the image

  Image Entry point : 0x00000110

  Load Region LR_IROM1 (Base: 0x00000000, Size: 0x000023d8, Max: 0x00040000, ABSOLUTE)

    Execution Region ER_IROM1 (Base: 0x00000000, Size: 0x000023a8, Max: 0x00040000, ABSOLUTE)

    Base Addr    Size         Type   Attr      Idx    E Section Name        Object

    0x00000000   0x00000110   Code   RO            3    RESET               startup.o
    0x00000110   0x00000008   Code   RO           42  * !!!main             c_t.l(__main.o)
    0x00000118   0x0000003c   Code   RO          419    !!!scatter          c_t.l(__scatter.o)
    0x00000154   0x00000028   Code   RO          421    !!handler_copy      c_t.l(__scatter_copy.o)
    0x0000017c   0x0000002c   Code   RO          423    !!handler_zi        c_t.l(__scatter_zi.o)
    0x000001a8   0x00000008   Ven    RO          183    .ARM.Collect$$libinit$$00000000  c_t.l(libinit.o)
    0x000001b0   0x00000002   Code   RO          183    .ARM.Collect$$libinit$$00000000  c_t.l(libinit.o)
    0x000001b2   0x00000000   Code   RO          185    .ARM.Collect$$libinit$$00000002  c_t.l(libinit2.o)
    0x000001b2   0x00000008   Code   RO          186    .ARM.Collect$$libinit$$00000003  c_t.l(libinit2.o)
    0x000001ba   0x00000000   Code   RO          188    .ARM.Collect$$libinit$$00000008  c_t.l(libinit2.o)
    0x000001ba   0x00000000   Code   RO          190    .ARM.Collect$$libinit$$0000000A  c_t.l(libinit2.o)
    0x000001ba   0x00000000   Code   RO          192    .ARM.Collect$$libinit$$0000000C  c_t.l(libinit2.o)
    0x000001ba   0x00000000   Code   RO          195    .ARM.Collect$$libinit$$0000000F  c_t.l(libinit2.o)
    0x000001ba   0x00000000   Code   RO          197    .ARM.Collect$$libinit$$00000011  c_t.l(libinit2.o)
    0x000001ba   0x00000000   Code   RO          199    .ARM.Collect$$libinit$$00000013  c_t.l(libinit2.o)
    0x000001ba   0x00000000   Code   RO          201    .ARM.Collect$$libinit$$00000015  c_t.l(libinit2.o)
    0x000001ba   0x00000000   Code   RO          203    .ARM.Collect$$libinit$$00000017  c_t.l(libinit2.o)
    0x000001ba   0x00000000   Code   RO          205    .ARM.Collect$$libinit$$00000019  c_t.l(libinit2.o)
    0x000001ba   0x00000000   Code   RO          207    .ARM.Collect$$libinit$$0000001B  c_t.l(libinit2.o)
    0x000001ba   0x00000000   Code   RO          209    .ARM.Collect$$libinit$$0000001D  c_t.l(libinit2.o)
    0x000001ba   0x00000000   Code   RO          211    .ARM.Collect$$libinit$$0000001F  c_t.l(libinit2.o)
    0x000001ba   0x00000000   Code   RO          213    .ARM.Collect$$libinit$$00000021  c_t.l(libinit2.o)
    0x000001ba   0x00000004   Code   RO          214    .ARM.Collect$$libinit$$00000022  c_t.l(libinit2.o)
    0x000001be   0x00000000   Code   RO          215    .ARM.Collect$$libinit$$00000023  c_t.l(libinit2.o)
    0x000001be   0x00000000   Code   RO          219    .ARM.Collect$$libinit$$0000002A  c_t.l(libinit2.o)
    0x000001be   0x00000000   Code   RO          221    .ARM.Collect$$libinit$$0000002C  c_t.l(libinit2.o)
    0x000001be   0x00000000   Code   RO          223    .ARM.Collect$$libinit$$0000002E  c_t.l(libinit2.o)
    0x000001be   0x00000000   Code   RO          225    .ARM.Collect$$libinit$$00000030  c_t.l(libinit2.o)
    0x000001be   0x0000000c   Code   RO          226    .ARM.Collect$$libinit$$00000031  c_t.l(libinit2.o)
    0x000001ca   0x00000002   PAD
    0x000001cc   0x00000008   Ven    RO          394    .ARM.Collect$$libshutdown$$00000000  c_t.l(libshutdown.o)
    0x000001d4   0x00000004   Code   RO          394    .ARM.Collect$$libshutdown$$00000000  c_t.l(libshutdown.o)
    0x000001d8   0x00000004   Code   RO          228    .ARM.Collect$$libshutdown$$00000002  c_t.l(libshutdown2.o)
    0x000001dc   0x00000000   Code   RO          229    .ARM.Collect$$libshutdown$$00000003  c_t.l(libshutdown2.o)
    0x000001dc   0x00000000   Code   RO          232    .ARM.Collect$$libshutdown$$00000006  c_t.l(libshutdown2.o)
    0x000001dc   0x00000000   Code   RO          235    .ARM.Collect$$libshutdown$$00000009  c_t.l(libshutdown2.o)
    0x000001dc   0x00000000   Code   RO          237    .ARM.Collect$$libshutdown$$0000000B  c_t.l(libshutdown2.o)
    0x000001dc   0x00000000   Code   RO          240    .ARM.Collect$$libshutdown$$0000000E  c_t.l(libshutdown2.o)
    0x000001dc   0x00000006   Code   RO          241    .ARM.Collect$$libshutdown$$0000000F  c_t.l(libshutdown2.o)
    0x000001e2   0x00000002   PAD
    0x000001e4   0x00000000   Code   RO           44    .ARM.Collect$$rtentry$$00000000  c_t.l(rtentry.o)
    0x000001e4   0x00000000   Code   RO           54    .ARM.Collect$$rtentry$$00000002  c_t.l(rtentry2.o)
    0x000001e4   0x00000008   Code   RO           66    .ARM.Collect$$rtentry$$00000004  c_t.l(rtentry4.o)
    0x000001ec   0x00000000   Code   RO           56    .ARM.Collect$$rtentry$$00000009  c_t.l(rtentry2.o)
    0x000001ec   0x00000004   Code   RO           57    .ARM.Collect$$rtentry$$0000000A  c_t.l(rtentry2.o)
    0x000001f0   0x00000000   Code   RO           59    .ARM.Collect$$rtentry$$0000000C  c_t.l(rtentry2.o)
    0x000001f0   0x00000028   Code   RO           60    .ARM.Collect$$rtentry$$0000000D  c_t.l(rtentry2.o)
    0x00000218   0x00000004   Ven    RO          250    .ARM.Collect$$rtexit$$00000000  c_t.l(rtexit.o)
    0x0000021c   0x00000004   Code   RO          250    .ARM.Collect$$rtexit$$00000000  c_t.l(rtexit.o)
    0x00000220   0x00000000   Code   RO          322    .ARM.Collect$$rtexit$$00000002  c_t.l(rtexit2.o)
    0x00000220   0x00000004   Code   RO          323    .ARM.Collect$$rtexit$$00000003  c_t.l(rtexit2.o)
    0x00000224   0x00000008   Code   RO          324    .ARM.Collect$$rtexit$$00000004  c_t.l(rtexit2.o)
    0x0000022c   0x00000000   Code   RO          332    .emb_text           c_t.l(maybetermalloc1.o)
    0x0000022c   0x00000020   Code   RO            4    .text               startup.o
    0x0000024c   0x00001480   Code   RO           11    .text               main.o
    0x000016cc   0x00000008   Ven    RO           36    .text               c_t.l(noretval__2printf.o)
    0x000016d4   0x0000001c   Code   RO           36    .text               c_t.l(noretval__2printf.o)
    0x000016f0   0x00000064   Code   RO           38    .text               c_t.l(rt_memcpy_w.o)
    0x00001754   0x00000006   Code   RO           40    .text               c_t.l(heapauxi.o)
    0x0000175a   0x00000002   PAD
    0x0000175c   0x0000002c   Code   RO           45    .text               c_t.l(_printf_char_file.o)
    0x00001788   0x00000030   Code   RO           68    .text               c_t.l(_printf_char_common.o)
    0x000017b8   0x00000008   Code   RO           70    .text               c_t.l(ferror.o)
    0x000017c0   0x00000144   Code   RO           76    .text               c_t.l(initio.o)
    0x00001904   0x00000074   Code   RO           84    .text               c_t.l(sys_io.o)
    0x00001978   0x00000060   Code   RO           91    .text               c_t.l(sys_stackheap_outer.o)
    0x000019d8   0x00000054   Code   RO           95    .text               c_t.l(h1_free.o)
    0x00001a2c   0x0000002a   Code   RO          153    .text               c_t.l(__printf_nopercent.o)
    0x00001a56   0x00000002   PAD
    0x00001a58   0x000001f4   Code   RO          157    .text               c_t.l(flsbuf.o)
    0x00001c4c   0x00000050   Code   RO          159    .text               c_t.l(setvbuf.o)
    0x00001c9c   0x000000f0   Code   RO          162    .text               c_t.l(fopen.o)
    0x00001d8c   0x00000050   Code   RO          164    .text               c_t.l(fclose.o)
    0x00001ddc   0x0000000c   Code   RO          170    .text               c_t.l(exit.o)
    0x00001de8   0x00000010   Code   RO          172    .text               c_t.l(defsig_rtred_outer.o)
    0x00001df8   0x00000004   Ven    RO          176    .text               c_t.l(rt_memclr_w.o)
    0x00001dfc   0x00000054   Code   RO          176    .text               c_t.l(rt_memclr_w.o)
    0x00001e50   0x0000000c   Code   RO          244    .text               c_t.l(libspace.o)
    0x00001e5c   0x00000004   Code   RO          247    .text               c_t.l(use_no_semi.o)
    0x00001e60   0x00000000   Code   RO          249    .text               c_t.l(indicate_semi.o)
    0x00001e60   0x00000004   Ven    RO          257    .text               c_t.l(rt_heap_descriptor_intlibspace.o)
    0x00001e64   0x0000000c   Code   RO          257    .text               c_t.l(rt_heap_descriptor_intlibspace.o)
    0x00001e70   0x00000004   Code   RO          259    .text               c_t.l(hguard.o)
    0x00001e74   0x00000094   Code   RO          261    .text               c_t.l(init_alloc.o)
    0x00001f08   0x0000006e   Code   RO          267    .text               c_t.l(h1_alloc.o)
    0x00001f76   0x00000002   PAD
    0x00001f78   0x000000f8   Code   RO          283    .text               c_t.l(fseek.o)
    0x00002070   0x000000fc   Code   RO          285    .text               c_t.l(stdio.o)
    0x0000216c   0x00000010   Code   RO          291    .text               c_t.l(defsig_exit.o)
    0x0000217c   0x00000038   Code   RO          293    .text               c_t.l(defsig_rtred_inner.o)
    0x000021b4   0x00000044   Code   RO          297    .text               c_t.l(strlen.o)
    0x000021f8   0x00000008   Ven    RO          319    .text               c_t.l(sys_exit.o)
    0x00002200   0x0000000c   Code   RO          319    .text               c_t.l(sys_exit.o)
    0x0000220c   0x0000000e   Code   RO          334    .text               c_t.l(h1_init.o)
    0x0000221a   0x00000038   Code   RO          336    .text               c_t.l(h1_extend.o)
    0x00002252   0x00000046   Code   RO          346    .text               c_t.l(ftell.o)
    0x00002298   0x00000038   Code   RO          356    .text               c_t.l(defsig_general.o)
    0x000022d0   0x00000010   Code   RO          358    .text               c_t.l(defsig_rtmem_outer.o)
    0x000022e0   0x00000010   Code   RO          373    .text               c_t.l(sys_wrch.o)
    0x000022f0   0x00000004   Ven    RO          382    .text               c_t.l(rt_errno_addr_intlibspace.o)
    0x000022f4   0x0000000c   Code   RO          382    .text               c_t.l(rt_errno_addr_intlibspace.o)
    0x00002300   0x00000054   Code   RO          388    .text               c_t.l(defsig_rtmem_inner.o)
    0x00002354   0x00000002   Code   RO          126    i.__ARM_common_call_via_r5  c_t.l(heap2.o)
    0x00002356   0x00000002   Code   RO          155    i.__ARM_common_call_via_r7  c_t.l(__printf_nopercent.o)
    0x00002358   0x00000024   Code   RO           73    i.fputc             c_t.l(fputc.o)
    0x0000237c   0x00000004   Data   RO           85    .constdata          c_t.l(sys_io.o)
    0x00002380   0x00000004   Data   RO           86    .constdata          c_t.l(sys_io.o)
    0x00002384   0x00000004   Data   RO           87    .constdata          c_t.l(sys_io.o)
    0x00002388   0x00000020   Data   RO          417    Region$$Table       anon$$obj.o


    Execution Region RW_IRAM1 (Base: 0x40000000, Size: 0x00000630, Max: 0x00004000, ABSOLUTE)

    Base Addr    Size         Type   Attr      Idx    E Section Name        Object

    0x40000000   0x00000024   Data   RW           13    .data               main.o
    0x40000024   0x00000004   Data   RW           50    .data               c_t.l(stdio_streams.o)
    0x40000028   0x00000004   Data   RW           51    .data               c_t.l(stdio_streams.o)
    0x4000002c   0x00000004   Data   RW           52    .data               c_t.l(stdio_streams.o)
    0x40000030   0x00000018   Zero   RW           12    .bss                main.o
    0x40000048   0x00000054   Zero   RW           47    .bss                c_t.l(stdio_streams.o)
    0x4000009c   0x00000054   Zero   RW           48    .bss                c_t.l(stdio_streams.o)
    0x400000f0   0x00000054   Zero   RW           49    .bss                c_t.l(stdio_streams.o)
    0x40000144   0x00000060   Zero   RW          245    .bss                c_t.l(libspace.o)
    0x400001a4   0x00000004   PAD
    0x400001a8   0x00000000   Zero   RW            2    HEAP                startup.o
    0x400001a8   0x00000488   Zero   RW            1    STACK               startup.o


==============================================================================

Image component sizes


      Code (inc. data)   RO Data    RW Data    ZI Data      Debug   Object Name

      5248        920          0         36         24      11802   main.o
       304         60          0          0       1160        508   startup.o

    ----------------------------------------------------------------------
      5552        980         32         36       1184      12310   Object Totals
         0          0         32          0          0          0   (incl. Generated)
         0          0          0          0          0          0   (incl. Padding)

    ----------------------------------------------------------------------

      Code (inc. data)   RO Data    RW Data    ZI Data      Debug   Library Member Name

         8          0          0          0          0         68   __main.o
        44          0          0          0          0        148   __printf_nopercent.o
        60          8          0          0          0          0   __scatter.o
        40          0          0          0          0          0   __scatter_copy.o
        44          0          0          0          0          0   __scatter_zi.o
        48          4          0          0          0         96   _printf_char_common.o
        44          6          0          0          0         88   _printf_char_file.o
        16          0          0          0          0         80   defsig_exit.o
        56          0          0          0          0         84   defsig_general.o
        84         58          0          0          0         80   defsig_rtmem_inner.o
        16          0          0          0          0         80   defsig_rtmem_outer.o
        56         38          0          0          0         80   defsig_rtred_inner.o
        16          0          0          0          0         80   defsig_rtred_outer.o
        12          0          0          0          0         64   exit.o
        80          4          0          0          0         92   fclose.o
         8          0          0          0          0         60   ferror.o
       500          8          0          0          0         92   flsbuf.o
       240          8          0          0          0        140   fopen.o
        36          0          0          0          0         80   fputc.o
       248          4          0          0          0         92   fseek.o
        70          0          0          0          0         80   ftell.o
       110          0          0          0          0        116   h1_alloc.o
        56          0          0          0          0         80   h1_extend.o
        84          0          0          0          0        100   h1_free.o
        14          0          0          0          0         76   h1_init.o
         2          0          0          0          0         60   heap2.o
         6          0          0          0          0        136   heapauxi.o
         4          0          0          0          0        120   hguard.o
         0          0          0          0          0          0   indicate_semi.o
       148          0          0          0          0        192   init_alloc.o
       324         44          0          0          0        120   initio.o
        10          0          0          0          0          0   libinit.o
        24          0          0          0          0          0   libinit2.o
        12          0          0          0          0          0   libshutdown.o
        10          0          0          0          0          0   libshutdown2.o
        12          4          0          0         96         68   libspace.o
         0          0          0          0          0          0   maybetermalloc1.o
        36          6          0          0          0         84   noretval__2printf.o
        16          4          0          0          0         68   rt_errno_addr_intlibspace.o
        16          4          0          0          0         68   rt_heap_descriptor_intlibspace.o
        88          0          0          0          0         80   rt_memclr_w.o
       100          0          0          0          0         80   rt_memcpy_w.o
         0          0          0          0          0          0   rtentry.o
        44          4          0          0          0          0   rtentry2.o
         8          0          0          0          0          0   rtentry4.o
         8          0          0          0          0          0   rtexit.o
        12          0          0          0          0          0   rtexit2.o
        80          6          0          0          0         80   setvbuf.o
       252          8          0          0          0        184   stdio.o
         0          0          0         12        252          0   stdio_streams.o
        68          4          0          0          0         76   strlen.o
        20          4          0          0          0         60   sys_exit.o
       116          0         12          0          0        260   sys_io.o
        96          0          0          0          0         80   sys_stackheap_outer.o
        16          0          0          0          0         76   sys_wrch.o
         4          0          0          0          0         68   use_no_semi.o

    ----------------------------------------------------------------------
      3532        226         12         12        352       3916   Library Totals
        10          0          0          0          4          0   (incl. Padding)

    ----------------------------------------------------------------------

      Code (inc. data)   RO Data    RW Data    ZI Data      Debug   Library Name

      3522        226         12         12        348       3916   c_t.l

    ----------------------------------------------------------------------
      3532        226         12         12        352       3916   Library Totals

    ----------------------------------------------------------------------

==============================================================================


      Code (inc. data)   RO Data    RW Data    ZI Data      Debug   

      9084       1206         44         48       1536      14366   Grand Totals
      9084       1206         44         48       1536      14366   ELF Image Totals
      9084       1206         44         48          0          0   ROM Totals

==============================================================================

    Total RO  Size (Code + RO Data)                 9128 (   8.91kB)
    Total RW  Size (RW Data + ZI Data)              1584 (   1.55kB)
    Total ROM Size (Code + RO Data + RW Data)       9176 (   8.96kB)

==============================================================================

